[0.322s] Invoking command in '/workspaces/multi_amr/build/multi_modal_worlds': CMAKE_PREFIX_PATH=/opt/ros/humble /usr/bin/cmake /workspaces/multi_amr/src/multi_modal_worlds -DAMENT_CMAKE_SYMLINK_INSTALL=1 -DCMAKE_INSTALL_PREFIX=/workspaces/multi_amr/install/multi_modal_worlds
[0.679s] -- The C compiler identification is GNU 11.4.0
[0.823s] -- The CXX compiler identification is GNU 11.4.0
[0.845s] -- Detecting C compiler ABI info
[1.000s] -- Detecting C compiler ABI info - done
[1.020s] -- Check for working C compiler: /usr/bin/cc - skipped
[1.021s] -- Detecting C compile features
[1.022s] -- Detecting C compile features - done
[1.030s] -- Detecting CXX compiler ABI info
[1.202s] -- Detecting CXX compiler ABI info - done
[1.220s] -- Check for working CXX compiler: /usr/bin/c++ - skipped
[1.220s] -- Detecting CXX compile features
[1.222s] -- Detecting CXX compile features - done
[1.228s] -- Found ament_cmake: 1.3.14 (/opt/ros/humble/share/ament_cmake/cmake)
[1.530s] -- Found Python3: /usr/bin/python3 (found version "3.10.12") found components: Interpreter 
[1.648s] -- Override CMake install command with custom implementation using symlinks instead of copying resources
[1.830s] -- Configuring done
[1.835s] -- Generating done
[1.838s] -- Build files have been written to: /workspaces/multi_amr/build/multi_modal_worlds
[1.844s] Invoked command in '/workspaces/multi_amr/build/multi_modal_worlds' returned '0': CMAKE_PREFIX_PATH=/opt/ros/humble /usr/bin/cmake /workspaces/multi_amr/src/multi_modal_worlds -DAMENT_CMAKE_SYMLINK_INSTALL=1 -DCMAKE_INSTALL_PREFIX=/workspaces/multi_amr/install/multi_modal_worlds
[1.847s] Invoking command in '/workspaces/multi_amr/build/multi_modal_worlds': CMAKE_PREFIX_PATH=/opt/ros/humble /usr/bin/cmake --build /workspaces/multi_amr/build/multi_modal_worlds -- -j12 -l12
[1.925s] Invoked command in '/workspaces/multi_amr/build/multi_modal_worlds' returned '0': CMAKE_PREFIX_PATH=/opt/ros/humble /usr/bin/cmake --build /workspaces/multi_amr/build/multi_modal_worlds -- -j12 -l12
[1.946s] Invoking command in '/workspaces/multi_amr/build/multi_modal_worlds': CMAKE_PREFIX_PATH=/opt/ros/humble /usr/bin/cmake --install /workspaces/multi_amr/build/multi_modal_worlds
[1.961s] -- Install configuration: ""
[1.965s] -- Execute custom install script
[1.966s] -- Symlinking: /workspaces/multi_amr/install/multi_modal_worlds/share/multi_modal_worlds/launch/warehouse_world.launch.py
[1.992s] -- Symlinking: /workspaces/multi_amr/install/multi_modal_worlds/share/multi_modal_worlds/worlds/warehouse.sdf
[2.012s] -- Symlinking: /workspaces/multi_amr/install/multi_modal_worlds/share/multi_modal_worlds/worlds/warehouse_mapping.sdf
[2.031s] -- Symlinking: /workspaces/multi_amr/install/multi_modal_worlds/lib/multi_modal_worlds/warehouse_traffic_controller.py
[2.057s] -- Symlinking: /workspaces/multi_amr/install/multi_modal_worlds/share/ament_index/resource_index/package_run_dependencies/multi_modal_worlds
[2.077s] -- Symlinking: /workspaces/multi_amr/install/multi_modal_worlds/share/ament_index/resource_index/parent_prefix_path/multi_modal_worlds
[2.098s] -- Symlinking: /workspaces/multi_amr/install/multi_modal_worlds/share/multi_modal_worlds/environment/ament_prefix_path.sh
[2.120s] -- Symlinking: /workspaces/multi_amr/install/multi_modal_worlds/share/multi_modal_worlds/environment/ament_prefix_path.dsv
[2.141s] -- Symlinking: /workspaces/multi_amr/install/multi_modal_worlds/share/multi_modal_worlds/environment/path.sh
[2.160s] -- Symlinking: /workspaces/multi_amr/install/multi_modal_worlds/share/multi_modal_worlds/environment/path.dsv
[2.179s] -- Symlinking: /workspaces/multi_amr/install/multi_modal_worlds/share/multi_modal_worlds/local_setup.bash
[2.199s] -- Symlinking: /workspaces/multi_amr/install/multi_modal_worlds/share/multi_modal_worlds/local_setup.sh
[2.222s] -- Symlinking: /workspaces/multi_amr/install/multi_modal_worlds/share/multi_modal_worlds/local_setup.zsh
[2.244s] -- Symlinking: /workspaces/multi_amr/install/multi_modal_worlds/share/multi_modal_worlds/local_setup.dsv
[2.268s] -- Symlinking: /workspaces/multi_amr/install/multi_modal_worlds/share/multi_modal_worlds/package.dsv
[2.286s] -- Symlinking: /workspaces/multi_amr/install/multi_modal_worlds/share/ament_index/resource_index/packages/multi_modal_worlds
[2.311s] -- Symlinking: /workspaces/multi_amr/install/multi_modal_worlds/share/multi_modal_worlds/cmake/multi_modal_worldsConfig.cmake
[2.336s] -- Symlinking: /workspaces/multi_amr/install/multi_modal_worlds/share/multi_modal_worlds/cmake/multi_modal_worldsConfig-version.cmake
[2.358s] -- Symlinking: /workspaces/multi_amr/install/multi_modal_worlds/share/multi_modal_worlds/package.xml
[2.380s] Invoked command in '/workspaces/multi_amr/build/multi_modal_worlds' returned '0': CMAKE_PREFIX_PATH=/opt/ros/humble /usr/bin/cmake --install /workspaces/multi_amr/build/multi_modal_worlds
