[0.000000] (-) TimerEvent: {}
[0.000362] (-) JobUnselected: {'identifier': 'multi_modal_bringup'}
[0.000407] (-) JobUnselected: {'identifier': 'multi_modal_perception'}
[0.000437] (multi_amr_coordination) JobQueued: {'identifier': 'multi_amr_coordination', 'dependencies': OrderedDict()}
[0.000467] (multi_modal_robot_description) JobQueued: {'identifier': 'multi_modal_robot_description', 'dependencies': OrderedDict()}
[0.000503] (multi_modal_worlds) JobQueued: {'identifier': 'multi_modal_worlds', 'dependencies': OrderedDict()}
[0.000538] (multi_amr_coordination) JobStarted: {'identifier': 'multi_amr_coordination'}
[0.014861] (multi_modal_robot_description) JobStarted: {'identifier': 'multi_modal_robot_description'}
[0.020632] (multi_modal_worlds) JobStarted: {'identifier': 'multi_modal_worlds'}
[0.098816] (-) TimerEvent: {}
[0.199147] (-) TimerEvent: {}
[0.292303] (multi_modal_robot_description) JobProgress: {'identifier': 'multi_modal_robot_description', 'progress': 'cmake'}
[0.294589] (multi_modal_robot_description) JobProgress: {'identifier': 'multi_modal_robot_description', 'progress': 'build'}
[0.294828] (multi_modal_robot_description) Command: {'cmd': ['/usr/bin/cmake', '--build', '/workspaces/multi_amr/build/multi_modal_robot_description', '--', '-j12', '-l12'], 'cwd': '/workspaces/multi_amr/build/multi_modal_robot_description', 'env': OrderedDict([('HOSTNAME', 'fedora'), ('SHLVL', '1'), ('LD_LIBRARY_PATH', '/usr/lib/x86_64-linux-gnu/gazebo-11/plugins:/opt/ros/humble/opt/rviz_ogre_vendor/lib:/opt/ros/humble/lib/x86_64-linux-gnu:/opt/ros/humble/lib'), ('HOME', '/root'), ('OLDPWD', '/workspaces/multi_amr'), ('ROS_PYTHON_VERSION', '3'), ('COLCON_PREFIX_PATH', '/workspaces/multi_amr/install'), ('ROS_DISTRO', 'humble'), ('_', '/usr/bin/colcon'), ('ROS_VERSION', '2'), ('TERM', 'xterm'), ('ROS_LOCALHOST_ONLY', '0'), ('QT_X11_NO_MITSHM', '1'), ('PATH', '/opt/ros/humble/bin:/usr/local/sbin:/usr/local/bin:/usr/sbin:/usr/bin:/sbin:/bin'), ('DISPLAY', ':0'), ('LANG', 'C.UTF-8'), ('ROS_DOMAIN_ID', '42'), ('AMENT_PREFIX_PATH', '/workspaces/multi_amr/install/multi_modal_worlds:/workspaces/multi_amr/install/multi_modal_robot_description:/workspaces/multi_amr/install/multi_amr_coordination:/opt/ros/humble'), ('PWD', '/workspaces/multi_amr/build/multi_modal_robot_description'), ('LC_ALL', 'C.UTF-8'), ('PYTHONPATH', '/workspaces/multi_amr/build/multi_amr_coordination:/workspaces/multi_amr/install/multi_amr_coordination/lib/python3.10/site-packages:/opt/ros/humble/lib/python3.10/site-packages:/opt/ros/humble/local/lib/python3.10/dist-packages'), ('COLCON', '1'), ('CMAKE_PREFIX_PATH', '/workspaces/multi_amr/install/multi_modal_worlds:/workspaces/multi_amr/install/multi_modal_robot_description:/workspaces/multi_amr/install/multi_amr_coordination:/opt/ros/humble')]), 'shell': False}
[0.299529] (-) TimerEvent: {}
[0.303101] (multi_modal_worlds) JobProgress: {'identifier': 'multi_modal_worlds', 'progress': 'cmake'}
[0.303999] (multi_modal_worlds) JobProgress: {'identifier': 'multi_modal_worlds', 'progress': 'build'}
[0.305306] (multi_modal_worlds) Command: {'cmd': ['/usr/bin/cmake', '--build', '/workspaces/multi_amr/build/multi_modal_worlds', '--', '-j12', '-l12'], 'cwd': '/workspaces/multi_amr/build/multi_modal_worlds', 'env': OrderedDict([('HOSTNAME', 'fedora'), ('SHLVL', '1'), ('LD_LIBRARY_PATH', '/usr/lib/x86_64-linux-gnu/gazebo-11/plugins:/opt/ros/humble/opt/rviz_ogre_vendor/lib:/opt/ros/humble/lib/x86_64-linux-gnu:/opt/ros/humble/lib'), ('HOME', '/root'), ('OLDPWD', '/workspaces/multi_amr'), ('ROS_PYTHON_VERSION', '3'), ('COLCON_PREFIX_PATH', '/workspaces/multi_amr/install'), ('ROS_DISTRO', 'humble'), ('_', '/usr/bin/colcon'), ('ROS_VERSION', '2'), ('TERM', 'xterm'), ('ROS_LOCALHOST_ONLY', '0'), ('QT_X11_NO_MITSHM', '1'), ('PATH', '/opt/ros/humble/bin:/usr/local/sbin:/usr/local/bin:/usr/sbin:/usr/bin:/sbin:/bin'), ('DISPLAY', ':0'), ('LANG', 'C.UTF-8'), ('ROS_DOMAIN_ID', '42'), ('AMENT_PREFIX_PATH', '/workspaces/multi_amr/install/multi_modal_worlds:/workspaces/multi_amr/install/multi_modal_robot_description:/workspaces/multi_amr/install/multi_amr_coordination:/opt/ros/humble'), ('PWD', '/workspaces/multi_amr/build/multi_modal_worlds'), ('LC_ALL', 'C.UTF-8'), ('PYTHONPATH', '/workspaces/multi_amr/build/multi_amr_coordination:/workspaces/multi_amr/install/multi_amr_coordination/lib/python3.10/site-packages:/opt/ros/humble/lib/python3.10/site-packages:/opt/ros/humble/local/lib/python3.10/dist-packages'), ('COLCON', '1'), ('CMAKE_PREFIX_PATH', '/workspaces/multi_amr/install/multi_modal_worlds:/workspaces/multi_amr/install/multi_modal_robot_description:/workspaces/multi_amr/install/multi_amr_coordination:/opt/ros/humble')]), 'shell': False}
[0.351004] (multi_modal_worlds) CommandEnded: {'returncode': 0}
[0.355136] (multi_modal_worlds) JobProgress: {'identifier': 'multi_modal_worlds', 'progress': 'install'}
[0.367008] (multi_modal_worlds) Command: {'cmd': ['/usr/bin/cmake', '--install', '/workspaces/multi_amr/build/multi_modal_worlds'], 'cwd': '/workspaces/multi_amr/build/multi_modal_worlds', 'env': OrderedDict([('HOSTNAME', 'fedora'), ('SHLVL', '1'), ('LD_LIBRARY_PATH', '/usr/lib/x86_64-linux-gnu/gazebo-11/plugins:/opt/ros/humble/opt/rviz_ogre_vendor/lib:/opt/ros/humble/lib/x86_64-linux-gnu:/opt/ros/humble/lib'), ('HOME', '/root'), ('OLDPWD', '/workspaces/multi_amr'), ('ROS_PYTHON_VERSION', '3'), ('COLCON_PREFIX_PATH', '/workspaces/multi_amr/install'), ('ROS_DISTRO', 'humble'), ('_', '/usr/bin/colcon'), ('ROS_VERSION', '2'), ('TERM', 'xterm'), ('ROS_LOCALHOST_ONLY', '0'), ('QT_X11_NO_MITSHM', '1'), ('PATH', '/opt/ros/humble/bin:/usr/local/sbin:/usr/local/bin:/usr/sbin:/usr/bin:/sbin:/bin'), ('DISPLAY', ':0'), ('LANG', 'C.UTF-8'), ('ROS_DOMAIN_ID', '42'), ('AMENT_PREFIX_PATH', '/workspaces/multi_amr/install/multi_modal_worlds:/workspaces/multi_amr/install/multi_modal_robot_description:/workspaces/multi_amr/install/multi_amr_coordination:/opt/ros/humble'), ('PWD', '/workspaces/multi_amr/build/multi_modal_worlds'), ('LC_ALL', 'C.UTF-8'), ('PYTHONPATH', '/workspaces/multi_amr/build/multi_amr_coordination:/workspaces/multi_amr/install/multi_amr_coordination/lib/python3.10/site-packages:/opt/ros/humble/lib/python3.10/site-packages:/opt/ros/humble/local/lib/python3.10/dist-packages'), ('COLCON', '1'), ('CMAKE_PREFIX_PATH', '/workspaces/multi_amr/install/multi_modal_worlds:/workspaces/multi_amr/install/multi_modal_robot_description:/workspaces/multi_amr/install/multi_amr_coordination:/opt/ros/humble')]), 'shell': False}
[0.373226] (multi_modal_robot_description) CommandEnded: {'returncode': 0}
[0.375715] (multi_modal_robot_description) JobProgress: {'identifier': 'multi_modal_robot_description', 'progress': 'install'}
[0.375785] (multi_modal_robot_description) Command: {'cmd': ['/usr/bin/cmake', '--install', '/workspaces/multi_amr/build/multi_modal_robot_description'], 'cwd': '/workspaces/multi_amr/build/multi_modal_robot_description', 'env': OrderedDict([('HOSTNAME', 'fedora'), ('SHLVL', '1'), ('LD_LIBRARY_PATH', '/usr/lib/x86_64-linux-gnu/gazebo-11/plugins:/opt/ros/humble/opt/rviz_ogre_vendor/lib:/opt/ros/humble/lib/x86_64-linux-gnu:/opt/ros/humble/lib'), ('HOME', '/root'), ('OLDPWD', '/workspaces/multi_amr'), ('ROS_PYTHON_VERSION', '3'), ('COLCON_PREFIX_PATH', '/workspaces/multi_amr/install'), ('ROS_DISTRO', 'humble'), ('_', '/usr/bin/colcon'), ('ROS_VERSION', '2'), ('TERM', 'xterm'), ('ROS_LOCALHOST_ONLY', '0'), ('QT_X11_NO_MITSHM', '1'), ('PATH', '/opt/ros/humble/bin:/usr/local/sbin:/usr/local/bin:/usr/sbin:/usr/bin:/sbin:/bin'), ('DISPLAY', ':0'), ('LANG', 'C.UTF-8'), ('ROS_DOMAIN_ID', '42'), ('AMENT_PREFIX_PATH', '/workspaces/multi_amr/install/multi_modal_worlds:/workspaces/multi_amr/install/multi_modal_robot_description:/workspaces/multi_amr/install/multi_amr_coordination:/opt/ros/humble'), ('PWD', '/workspaces/multi_amr/build/multi_modal_robot_description'), ('LC_ALL', 'C.UTF-8'), ('PYTHONPATH', '/workspaces/multi_amr/build/multi_amr_coordination:/workspaces/multi_amr/install/multi_amr_coordination/lib/python3.10/site-packages:/opt/ros/humble/lib/python3.10/site-packages:/opt/ros/humble/local/lib/python3.10/dist-packages'), ('COLCON', '1'), ('CMAKE_PREFIX_PATH', '/workspaces/multi_amr/install/multi_modal_worlds:/workspaces/multi_amr/install/multi_modal_robot_description:/workspaces/multi_amr/install/multi_amr_coordination:/opt/ros/humble')]), 'shell': False}
[0.407450] (multi_modal_worlds) StdoutLine: {'line': b'-- Install configuration: ""\n'}
[0.411689] (-) TimerEvent: {}
[0.413025] (multi_modal_worlds) StdoutLine: {'line': b'-- Execute custom install script\n'}
[0.415145] (multi_modal_worlds) StdoutLine: {'line': b'-- Up-to-date symlink: /workspaces/multi_amr/install/multi_modal_worlds/share/multi_modal_worlds/launch/warehouse_world.launch.py\n'}
[0.415275] (multi_modal_worlds) StdoutLine: {'line': b'-- Up-to-date symlink: /workspaces/multi_amr/install/multi_modal_worlds/share/multi_modal_worlds/worlds/warehouse.sdf\n'}
[0.415375] (multi_modal_worlds) StdoutLine: {'line': b'-- Up-to-date symlink: /workspaces/multi_amr/install/multi_modal_worlds/share/multi_modal_worlds/worlds/warehouse_mapping.sdf\n'}
[0.417560] (multi_modal_worlds) StdoutLine: {'line': b'-- Up-to-date symlink: /workspaces/multi_amr/install/multi_modal_worlds/lib/multi_modal_worlds/warehouse_traffic_controller.py\n'}
[0.417708] (multi_modal_worlds) StdoutLine: {'line': b'-- Up-to-date symlink: /workspaces/multi_amr/install/multi_modal_worlds/share/ament_index/resource_index/package_run_dependencies/multi_modal_worlds\n'}
[0.417755] (multi_modal_worlds) StdoutLine: {'line': b'-- Up-to-date symlink: /workspaces/multi_amr/install/multi_modal_worlds/share/ament_index/resource_index/parent_prefix_path/multi_modal_worlds\n'}
[0.417795] (multi_modal_worlds) StdoutLine: {'line': b'-- Up-to-date symlink: /workspaces/multi_amr/install/multi_modal_worlds/share/multi_modal_worlds/environment/ament_prefix_path.sh\n'}
[0.417831] (multi_modal_worlds) StdoutLine: {'line': b'-- Up-to-date symlink: /workspaces/multi_amr/install/multi_modal_worlds/share/multi_modal_worlds/environment/ament_prefix_path.dsv\n'}
[0.417864] (multi_modal_worlds) StdoutLine: {'line': b'-- Up-to-date symlink: /workspaces/multi_amr/install/multi_modal_worlds/share/multi_modal_worlds/environment/path.sh\n'}
[0.417898] (multi_modal_worlds) StdoutLine: {'line': b'-- Up-to-date symlink: /workspaces/multi_amr/install/multi_modal_worlds/share/multi_modal_worlds/environment/path.dsv\n'}
[0.417932] (multi_modal_worlds) StdoutLine: {'line': b'-- Up-to-date symlink: /workspaces/multi_amr/install/multi_modal_worlds/share/multi_modal_worlds/local_setup.bash\n'}
[0.417966] (multi_modal_worlds) StdoutLine: {'line': b'-- Up-to-date symlink: /workspaces/multi_amr/install/multi_modal_worlds/share/multi_modal_worlds/local_setup.sh\n'}
[0.418026] (multi_modal_worlds) StdoutLine: {'line': b'-- Up-to-date symlink: /workspaces/multi_amr/install/multi_modal_worlds/share/multi_modal_worlds/local_setup.zsh\n'}
[0.418063] (multi_modal_worlds) StdoutLine: {'line': b'-- Up-to-date symlink: /workspaces/multi_amr/install/multi_modal_worlds/share/multi_modal_worlds/local_setup.dsv\n'}
[0.418098] (multi_modal_worlds) StdoutLine: {'line': b'-- Symlinking: /workspaces/multi_amr/install/multi_modal_worlds/share/multi_modal_worlds/package.dsv\n'}
[0.418130] (multi_modal_worlds) StdoutLine: {'line': b'-- Up-to-date symlink: /workspaces/multi_amr/install/multi_modal_worlds/share/ament_index/resource_index/packages/multi_modal_worlds\n'}
[0.418163] (multi_modal_worlds) StdoutLine: {'line': b'-- Up-to-date symlink: /workspaces/multi_amr/install/multi_modal_worlds/share/multi_modal_worlds/cmake/multi_modal_worldsConfig.cmake\n'}
[0.418194] (multi_modal_worlds) StdoutLine: {'line': b'-- Up-to-date symlink: /workspaces/multi_amr/install/multi_modal_worlds/share/multi_modal_worlds/cmake/multi_modal_worldsConfig-version.cmake\n'}
[0.418226] (multi_modal_worlds) StdoutLine: {'line': b'-- Up-to-date symlink: /workspaces/multi_amr/install/multi_modal_worlds/share/multi_modal_worlds/package.xml\n'}
[0.418302] (multi_modal_robot_description) StdoutLine: {'line': b'-- Install configuration: ""\n'}
[0.418552] (multi_modal_robot_description) StdoutLine: {'line': b'-- Execute custom install script\n'}
[0.418639] (multi_modal_robot_description) StdoutLine: {'line': b'-- Up-to-date symlink: /workspaces/multi_amr/install/multi_modal_robot_description/share/multi_modal_robot_description/urdf/robot_description.urdf\n'}
[0.418685] (multi_modal_robot_description) StdoutLine: {'line': b'-- Up-to-date symlink: /workspaces/multi_amr/install/multi_modal_robot_description/share/multi_modal_robot_description/urdf/safe.urdf\n'}
[0.418741] (multi_modal_robot_description) StdoutLine: {'line': b'-- Up-to-date symlink: /workspaces/multi_amr/install/multi_modal_robot_description/share/multi_modal_robot_description/meshes/base_link.STL\n'}
[0.418776] (multi_modal_robot_description) StdoutLine: {'line': b'-- Up-to-date symlink: /workspaces/multi_amr/install/multi_modal_robot_description/share/multi_modal_robot_description/meshes/camera.STL\n'}
[0.418814] (multi_modal_robot_description) StdoutLine: {'line': b'-- Up-to-date symlink: /workspaces/multi_amr/install/multi_modal_robot_description/share/multi_modal_robot_description/meshes/camera_mount.STL\n'}
[0.418929] (multi_modal_robot_description) StdoutLine: {'line': b'-- Up-to-date symlink: /workspaces/multi_amr/install/multi_modal_robot_description/share/multi_modal_robot_description/meshes/imu.STL\n'}
[0.418967] (multi_modal_robot_description) StdoutLine: {'line': b'-- Up-to-date symlink: /workspaces/multi_amr/install/multi_modal_robot_description/share/multi_modal_robot_description/meshes/laser.STL\n'}
[0.419022] (multi_modal_robot_description) StdoutLine: {'line': b'-- Up-to-date symlink: /workspaces/multi_amr/install/multi_modal_robot_description/share/multi_modal_robot_description/meshes/left_front_wheel.STL\n'}
[0.419091] (multi_modal_robot_description) StdoutLine: {'line': b'-- Up-to-date symlink: /workspaces/multi_amr/install/multi_modal_robot_description/share/multi_modal_robot_description/meshes/left_rear_wheel.STL\n'}
[0.419160] (multi_modal_robot_description) StdoutLine: {'line': b'-- Up-to-date symlink: /workspaces/multi_amr/install/multi_modal_robot_description/share/multi_modal_robot_description/meshes/right_front_wheel.STL\n'}
[0.419218] (multi_modal_robot_description) StdoutLine: {'line': b'-- Up-to-date symlink: /workspaces/multi_amr/install/multi_modal_robot_description/share/multi_modal_robot_description/meshes/right_rear_wheel.STL\n'}
[0.419269] (multi_modal_robot_description) StdoutLine: {'line': b'-- Up-to-date symlink: /workspaces/multi_amr/install/multi_modal_robot_description/share/multi_modal_robot_description/launch/gazebo.launch.py\n'}
[0.419316] (multi_modal_robot_description) StdoutLine: {'line': b'-- Up-to-date symlink: /workspaces/multi_amr/install/multi_modal_robot_description/share/multi_modal_robot_description/launch/robot_display.launch.py\n'}
[0.419384] (multi_modal_robot_description) StdoutLine: {'line': b'-- Up-to-date symlink: /workspaces/multi_amr/install/multi_modal_robot_description/share/multi_modal_robot_description/rviz/robot_display.rviz\n'}
[0.419522] (multi_modal_robot_description) StdoutLine: {'line': b'-- Up-to-date symlink: /workspaces/multi_amr/install/multi_modal_robot_description/share/ament_index/resource_index/package_run_dependencies/multi_modal_robot_description\n'}
[0.419592] (multi_modal_robot_description) StdoutLine: {'line': b'-- Up-to-date symlink: /workspaces/multi_amr/install/multi_modal_robot_description/share/ament_index/resource_index/parent_prefix_path/multi_modal_robot_description\n'}
[0.419642] (multi_modal_robot_description) StdoutLine: {'line': b'-- Up-to-date symlink: /workspaces/multi_amr/install/multi_modal_robot_description/share/multi_modal_robot_description/environment/ament_prefix_path.sh\n'}
[0.419690] (multi_modal_robot_description) StdoutLine: {'line': b'-- Up-to-date symlink: /workspaces/multi_amr/install/multi_modal_robot_description/share/multi_modal_robot_description/environment/ament_prefix_path.dsv\n'}
[0.419736] (multi_modal_robot_description) StdoutLine: {'line': b'-- Up-to-date symlink: /workspaces/multi_amr/install/multi_modal_robot_description/share/multi_modal_robot_description/environment/path.sh\n'}
[0.419798] (multi_modal_robot_description) StdoutLine: {'line': b'-- Up-to-date symlink: /workspaces/multi_amr/install/multi_modal_robot_description/share/multi_modal_robot_description/environment/path.dsv\n'}
[0.419848] (multi_modal_robot_description) StdoutLine: {'line': b'-- Up-to-date symlink: /workspaces/multi_amr/install/multi_modal_robot_description/share/multi_modal_robot_description/local_setup.bash\n'}
[0.419900] (multi_modal_robot_description) StdoutLine: {'line': b'-- Up-to-date symlink: /workspaces/multi_amr/install/multi_modal_robot_description/share/multi_modal_robot_description/local_setup.sh\n'}
[0.419951] (multi_modal_robot_description) StdoutLine: {'line': b'-- Up-to-date symlink: /workspaces/multi_amr/install/multi_modal_robot_description/share/multi_modal_robot_description/local_setup.zsh\n'}
[0.419999] (multi_modal_robot_description) StdoutLine: {'line': b'-- Up-to-date symlink: /workspaces/multi_amr/install/multi_modal_robot_description/share/multi_modal_robot_description/local_setup.dsv\n'}
[0.420046] (multi_modal_robot_description) StdoutLine: {'line': b'-- Symlinking: /workspaces/multi_amr/install/multi_modal_robot_description/share/multi_modal_robot_description/package.dsv\n'}
[0.420096] (multi_modal_robot_description) StdoutLine: {'line': b'-- Up-to-date symlink: /workspaces/multi_amr/install/multi_modal_robot_description/share/ament_index/resource_index/packages/multi_modal_robot_description\n'}
[0.420151] (multi_modal_robot_description) StdoutLine: {'line': b'-- Up-to-date symlink: /workspaces/multi_amr/install/multi_modal_robot_description/share/multi_modal_robot_description/cmake/multi_modal_robot_descriptionConfig.cmake\n'}
[0.420213] (multi_modal_robot_description) StdoutLine: {'line': b'-- Up-to-date symlink: /workspaces/multi_amr/install/multi_modal_robot_description/share/multi_modal_robot_description/cmake/multi_modal_robot_descriptionConfig-version.cmake\n'}
[0.420273] (multi_modal_robot_description) StdoutLine: {'line': b'-- Up-to-date symlink: /workspaces/multi_amr/install/multi_modal_robot_description/share/multi_modal_robot_description/package.xml\n'}
[0.420334] (multi_modal_worlds) CommandEnded: {'returncode': 0}
[0.439833] (multi_modal_worlds) JobEnded: {'identifier': 'multi_modal_worlds', 'rc': 0}
[0.440630] (multi_modal_robot_description) CommandEnded: {'returncode': 0}
[0.456614] (multi_modal_robot_description) JobEnded: {'identifier': 'multi_modal_robot_description', 'rc': 0}
[0.511870] (-) TimerEvent: {}
[0.612390] (-) TimerEvent: {}
[0.713056] (-) TimerEvent: {}
[0.813608] (-) TimerEvent: {}
[0.913970] (-) TimerEvent: {}
[0.978330] (multi_amr_coordination) Command: {'cmd': ['/usr/bin/python3', '-W', 'ignore:setup.py install is deprecated', '-W', 'ignore:easy_install command is deprecated', 'setup.py', 'develop', '--editable', '--build-directory', '/workspaces/multi_amr/build/multi_amr_coordination/build', '--no-deps', 'symlink_data'], 'cwd': '/workspaces/multi_amr/build/multi_amr_coordination', 'env': {'HOSTNAME': 'fedora', 'SHLVL': '1', 'LD_LIBRARY_PATH': '/usr/lib/x86_64-linux-gnu/gazebo-11/plugins:/opt/ros/humble/opt/rviz_ogre_vendor/lib:/opt/ros/humble/lib/x86_64-linux-gnu:/opt/ros/humble/lib', 'HOME': '/root', 'OLDPWD': '/workspaces/multi_amr', 'ROS_PYTHON_VERSION': '3', 'COLCON_PREFIX_PATH': '/workspaces/multi_amr/install', 'ROS_DISTRO': 'humble', '_': '/usr/bin/colcon', 'ROS_VERSION': '2', 'TERM': 'xterm', 'ROS_LOCALHOST_ONLY': '0', 'QT_X11_NO_MITSHM': '1', 'PATH': '/opt/ros/humble/bin:/usr/local/sbin:/usr/local/bin:/usr/sbin:/usr/bin:/sbin:/bin', 'DISPLAY': ':0', 'LANG': 'C.UTF-8', 'ROS_DOMAIN_ID': '42', 'AMENT_PREFIX_PATH': '/workspaces/multi_amr/install/multi_modal_worlds:/workspaces/multi_amr/install/multi_modal_robot_description:/workspaces/multi_amr/install/multi_amr_coordination:/opt/ros/humble', 'PWD': '/workspaces/multi_amr/build/multi_amr_coordination', 'LC_ALL': 'C.UTF-8', 'PYTHONPATH': '/workspaces/multi_amr/build/multi_amr_coordination/prefix_override:/usr/lib/python3/dist-packages/colcon_core/task/python/colcon_distutils_commands:/workspaces/multi_amr/install/multi_amr_coordination/lib/python3.10/site-packages:/workspaces/multi_amr/build/multi_amr_coordination:/workspaces/multi_amr/install/multi_amr_coordination/lib/python3.10/site-packages:/opt/ros/humble/lib/python3.10/site-packages:/opt/ros/humble/local/lib/python3.10/dist-packages', 'COLCON': '1', 'CMAKE_PREFIX_PATH': '/workspaces/multi_amr/install/multi_modal_worlds:/workspaces/multi_amr/install/multi_modal_robot_description'}, 'shell': False}
[1.014157] (-) TimerEvent: {}
[1.114797] (-) TimerEvent: {}
[1.215161] (-) TimerEvent: {}
[1.228411] (multi_amr_coordination) StdoutLine: {'line': b'running develop\n'}
[1.315295] (-) TimerEvent: {}
[1.344573] (multi_amr_coordination) StdoutLine: {'line': b'running egg_info\n'}
[1.344933] (multi_amr_coordination) StdoutLine: {'line': b'writing multi_amr_coordination.egg-info/PKG-INFO\n'}
[1.345255] (multi_amr_coordination) StdoutLine: {'line': b'writing dependency_links to multi_amr_coordination.egg-info/dependency_links.txt\n'}
[1.345458] (multi_amr_coordination) StdoutLine: {'line': b'writing entry points to multi_amr_coordination.egg-info/entry_points.txt\n'}
[1.346483] (multi_amr_coordination) StdoutLine: {'line': b'writing requirements to multi_amr_coordination.egg-info/requires.txt\n'}
[1.346684] (multi_amr_coordination) StdoutLine: {'line': b'writing top-level names to multi_amr_coordination.egg-info/top_level.txt\n'}
[1.349045] (multi_amr_coordination) StdoutLine: {'line': b"reading manifest file 'multi_amr_coordination.egg-info/SOURCES.txt'\n"}
[1.350902] (multi_amr_coordination) StdoutLine: {'line': b"writing manifest file 'multi_amr_coordination.egg-info/SOURCES.txt'\n"}
[1.351482] (multi_amr_coordination) StdoutLine: {'line': b'running build_ext\n'}
[1.352474] (multi_amr_coordination) StdoutLine: {'line': b'Creating /workspaces/multi_amr/install/multi_amr_coordination/lib/python3.10/site-packages/multi-amr-coordination.egg-link (link to .)\n'}
[1.353033] (multi_amr_coordination) StdoutLine: {'line': b'Installing decentralized_controller script to /workspaces/multi_amr/install/multi_amr_coordination/lib/multi_amr_coordination\n'}
[1.355402] (multi_amr_coordination) StdoutLine: {'line': b'Installing peer_message_node script to /workspaces/multi_amr/install/multi_amr_coordination/lib/multi_amr_coordination\n'}
[1.355902] (multi_amr_coordination) StdoutLine: {'line': b'Installing robot_state_node script to /workspaces/multi_amr/install/multi_amr_coordination/lib/multi_amr_coordination\n'}
[1.356009] (multi_amr_coordination) StdoutLine: {'line': b'\n'}
[1.356099] (multi_amr_coordination) StdoutLine: {'line': b'Installed /workspaces/multi_amr/build/multi_amr_coordination\n'}
[1.356186] (multi_amr_coordination) StdoutLine: {'line': b'running symlink_data\n'}
[1.407261] (multi_amr_coordination) CommandEnded: {'returncode': 0}
[1.417038] (-) TimerEvent: {}
[1.419747] (multi_amr_coordination) JobEnded: {'identifier': 'multi_amr_coordination', 'rc': 0}
[1.420814] (-) EventReactorShutdown: {}
