[0.202s] DEBUG:colcon:Command line arguments: ['/usr/bin/colcon', 'build', '--symlink-install', '--packages-select', 'multi_modal_worlds', 'multi_modal_robot_description', 'multi_amr_coordination']
[0.202s] DEBUG:colcon:Parsed command line arguments: Namespace(log_base=None, log_level=None, verb_name='build', build_base='build', install_base='install', merge_install=False, symlink_install=True, test_result_base=None, continue_on_error=False, executor='parallel', parallel_workers=12, event_handlers=None, ignore_user_meta=False, metas=['./colcon.meta'], base_paths=['.'], packages_ignore=None, packages_ignore_regex=None, paths=None, packages_up_to=None, packages_up_to_regex=None, packages_above=None, packages_above_and_dependencies=None, packages_above_depth=None, packages_select_by_dep=None, packages_skip_by_dep=None, packages_skip_up_to=None, packages_select_build_failed=False, packages_skip_build_finished=False, packages_select_test_failures=False, packages_skip_test_passed=False, packages_select=['multi_modal_worlds', 'multi_modal_robot_description', 'multi_amr_coordination'], packages_skip=None, packages_select_regex=None, packages_skip_regex=None, packages_start=None, packages_end=None, cmake_args=None, cmake_target=None, cmake_target_skip_unavailable=False, cmake_clean_cache=False, cmake_clean_first=False, cmake_force_configure=False, ament_cmake_args=None, catkin_cmake_args=None, catkin_skip_building_tests=False, mixin_files=None, mixin=None, verb_parser=<colcon_mixin.mixin.mixin_argument.MixinArgumentDecorator object at 0x7f79414bbc70>, verb_extension=<colcon_core.verb.build.BuildVerb object at 0x7f79415e8dc0>, main=<bound method BuildVerb.main of <colcon_core.verb.build.BuildVerb object at 0x7f79415e8dc0>>, mixin_verb=('build',))
[0.379s] Level 1:colcon.colcon_core.package_discovery:discover_packages(colcon_meta) check parameters
[0.380s] INFO:colcon.colcon_metadata.package_discovery.colcon_meta:Using configuration from '/root/.colcon/metadata/default/Gazebo.meta'
[0.381s] INFO:colcon.colcon_metadata.package_discovery.colcon_meta:Using configuration from '/root/.colcon/metadata/default/fastdds.meta'
[0.381s] INFO:colcon.colcon_metadata.package_discovery.colcon_meta:Using configuration from '/root/.colcon/metadata/default/fastrtps.meta'
[0.382s] Level 1:colcon.colcon_core.package_discovery:discover_packages(recursive) check parameters
[0.382s] Level 1:colcon.colcon_core.package_discovery:discover_packages(ignore) check parameters
[0.382s] Level 1:colcon.colcon_core.package_discovery:discover_packages(path) check parameters
[0.382s] Level 1:colcon.colcon_core.package_discovery:discover_packages(colcon_meta) discover
[0.382s] Level 1:colcon.colcon_core.package_discovery:discover_packages(recursive) discover
[0.382s] INFO:colcon.colcon_core.package_discovery:Crawling recursively for packages in '/workspaces/multi_amr'
[0.382s] Level 1:colcon.colcon_core.package_identification:_identify(.) by extensions ['ignore', 'ignore_ament_install']
[0.382s] Level 1:colcon.colcon_core.package_identification:_identify(.) by extension 'ignore'
[0.382s] Level 1:colcon.colcon_core.package_identification:_identify(.) by extension 'ignore_ament_install'
[0.382s] Level 1:colcon.colcon_core.package_identification:_identify(.) by extensions ['colcon_pkg']
[0.382s] Level 1:colcon.colcon_core.package_identification:_identify(.) by extension 'colcon_pkg'
[0.382s] Level 1:colcon.colcon_core.package_identification:_identify(.) by extensions ['colcon_meta']
[0.383s] Level 1:colcon.colcon_core.package_identification:_identify(.) by extension 'colcon_meta'
[0.383s] Level 1:colcon.colcon_core.package_identification:_identify(.) by extensions ['ros']
[0.383s] Level 1:colcon.colcon_core.package_identification:_identify(.) by extension 'ros'
[0.398s] Level 1:colcon.colcon_core.package_identification:_identify(.) by extensions ['cmake', 'python']
[0.398s] Level 1:colcon.colcon_core.package_identification:_identify(.) by extension 'cmake'
[0.398s] Level 1:colcon.colcon_core.package_identification:_identify(.) by extension 'python'
[0.399s] Level 1:colcon.colcon_core.package_identification:_identify(.) by extensions ['python_setup_py']
[0.399s] Level 1:colcon.colcon_core.package_identification:_identify(.) by extension 'python_setup_py'
[0.399s] Level 1:colcon.colcon_core.package_identification:_identify(build) by extensions ['ignore', 'ignore_ament_install']
[0.399s] Level 1:colcon.colcon_core.package_identification:_identify(build) by extension 'ignore'
[0.399s] Level 1:colcon.colcon_core.package_identification:_identify(build) ignored
[0.399s] Level 1:colcon.colcon_core.package_identification:_identify(install) by extensions ['ignore', 'ignore_ament_install']
[0.399s] Level 1:colcon.colcon_core.package_identification:_identify(install) by extension 'ignore'
[0.399s] Level 1:colcon.colcon_core.package_identification:_identify(install) ignored
[0.399s] Level 1:colcon.colcon_core.package_identification:_identify(log) by extensions ['ignore', 'ignore_ament_install']
[0.399s] Level 1:colcon.colcon_core.package_identification:_identify(log) by extension 'ignore'
[0.399s] Level 1:colcon.colcon_core.package_identification:_identify(log) ignored
[0.400s] Level 1:colcon.colcon_core.package_identification:_identify(src) by extensions ['ignore', 'ignore_ament_install']
[0.400s] Level 1:colcon.colcon_core.package_identification:_identify(src) by extension 'ignore'
[0.400s] Level 1:colcon.colcon_core.package_identification:_identify(src) by extension 'ignore_ament_install'
[0.400s] Level 1:colcon.colcon_core.package_identification:_identify(src) by extensions ['colcon_pkg']
[0.400s] Level 1:colcon.colcon_core.package_identification:_identify(src) by extension 'colcon_pkg'
[0.400s] Level 1:colcon.colcon_core.package_identification:_identify(src) by extensions ['colcon_meta']
[0.400s] Level 1:colcon.colcon_core.package_identification:_identify(src) by extension 'colcon_meta'
[0.400s] Level 1:colcon.colcon_core.package_identification:_identify(src) by extensions ['ros']
[0.400s] Level 1:colcon.colcon_core.package_identification:_identify(src) by extension 'ros'
[0.400s] Level 1:colcon.colcon_core.package_identification:_identify(src) by extensions ['cmake', 'python']
[0.400s] Level 1:colcon.colcon_core.package_identification:_identify(src) by extension 'cmake'
[0.400s] Level 1:colcon.colcon_core.package_identification:_identify(src) by extension 'python'
[0.400s] Level 1:colcon.colcon_core.package_identification:_identify(src) by extensions ['python_setup_py']
[0.400s] Level 1:colcon.colcon_core.package_identification:_identify(src) by extension 'python_setup_py'
[0.400s] Level 1:colcon.colcon_core.package_identification:_identify(src/multi_amr_coordination) by extensions ['ignore', 'ignore_ament_install']
[0.400s] Level 1:colcon.colcon_core.package_identification:_identify(src/multi_amr_coordination) by extension 'ignore'
[0.400s] Level 1:colcon.colcon_core.package_identification:_identify(src/multi_amr_coordination) by extension 'ignore_ament_install'
[0.401s] Level 1:colcon.colcon_core.package_identification:_identify(src/multi_amr_coordination) by extensions ['colcon_pkg']
[0.401s] Level 1:colcon.colcon_core.package_identification:_identify(src/multi_amr_coordination) by extension 'colcon_pkg'
[0.401s] Level 1:colcon.colcon_core.package_identification:_identify(src/multi_amr_coordination) by extensions ['colcon_meta']
[0.401s] Level 1:colcon.colcon_core.package_identification:_identify(src/multi_amr_coordination) by extension 'colcon_meta'
[0.401s] Level 1:colcon.colcon_core.package_identification:_identify(src/multi_amr_coordination) by extensions ['ros']
[0.401s] Level 1:colcon.colcon_core.package_identification:_identify(src/multi_amr_coordination) by extension 'ros'
[0.404s] DEBUG:colcon.colcon_core.package_identification:Package 'src/multi_amr_coordination' with type 'ros.ament_python' and name 'multi_amr_coordination'
[0.404s] Level 1:colcon.colcon_core.package_identification:_identify(src/multi_modal_bringup) by extensions ['ignore', 'ignore_ament_install']
[0.405s] Level 1:colcon.colcon_core.package_identification:_identify(src/multi_modal_bringup) by extension 'ignore'
[0.405s] Level 1:colcon.colcon_core.package_identification:_identify(src/multi_modal_bringup) by extension 'ignore_ament_install'
[0.405s] Level 1:colcon.colcon_core.package_identification:_identify(src/multi_modal_bringup) by extensions ['colcon_pkg']
[0.405s] Level 1:colcon.colcon_core.package_identification:_identify(src/multi_modal_bringup) by extension 'colcon_pkg'
[0.405s] Level 1:colcon.colcon_core.package_identification:_identify(src/multi_modal_bringup) by extensions ['colcon_meta']
[0.405s] Level 1:colcon.colcon_core.package_identification:_identify(src/multi_modal_bringup) by extension 'colcon_meta'
[0.405s] Level 1:colcon.colcon_core.package_identification:_identify(src/multi_modal_bringup) by extensions ['ros']
[0.405s] Level 1:colcon.colcon_core.package_identification:_identify(src/multi_modal_bringup) by extension 'ros'
[0.406s] DEBUG:colcon.colcon_core.package_identification:Package 'src/multi_modal_bringup' with type 'ros.ament_python' and name 'multi_modal_bringup'
[0.406s] Level 1:colcon.colcon_core.package_identification:_identify(src/multi_modal_perception) by extensions ['ignore', 'ignore_ament_install']
[0.406s] Level 1:colcon.colcon_core.package_identification:_identify(src/multi_modal_perception) by extension 'ignore'
[0.406s] Level 1:colcon.colcon_core.package_identification:_identify(src/multi_modal_perception) by extension 'ignore_ament_install'
[0.406s] Level 1:colcon.colcon_core.package_identification:_identify(src/multi_modal_perception) by extensions ['colcon_pkg']
[0.406s] Level 1:colcon.colcon_core.package_identification:_identify(src/multi_modal_perception) by extension 'colcon_pkg'
[0.406s] Level 1:colcon.colcon_core.package_identification:_identify(src/multi_modal_perception) by extensions ['colcon_meta']
[0.406s] Level 1:colcon.colcon_core.package_identification:_identify(src/multi_modal_perception) by extension 'colcon_meta'
[0.406s] Level 1:colcon.colcon_core.package_identification:_identify(src/multi_modal_perception) by extensions ['ros']
[0.406s] Level 1:colcon.colcon_core.package_identification:_identify(src/multi_modal_perception) by extension 'ros'
[0.407s] DEBUG:colcon.colcon_core.package_identification:Package 'src/multi_modal_perception' with type 'ros.ament_python' and name 'multi_modal_perception'
[0.407s] Level 1:colcon.colcon_core.package_identification:_identify(src/multi_modal_robot_description) by extensions ['ignore', 'ignore_ament_install']
[0.407s] Level 1:colcon.colcon_core.package_identification:_identify(src/multi_modal_robot_description) by extension 'ignore'
[0.407s] Level 1:colcon.colcon_core.package_identification:_identify(src/multi_modal_robot_description) by extension 'ignore_ament_install'
[0.407s] Level 1:colcon.colcon_core.package_identification:_identify(src/multi_modal_robot_description) by extensions ['colcon_pkg']
[0.407s] Level 1:colcon.colcon_core.package_identification:_identify(src/multi_modal_robot_description) by extension 'colcon_pkg'
[0.407s] Level 1:colcon.colcon_core.package_identification:_identify(src/multi_modal_robot_description) by extensions ['colcon_meta']
[0.407s] Level 1:colcon.colcon_core.package_identification:_identify(src/multi_modal_robot_description) by extension 'colcon_meta'
[0.407s] Level 1:colcon.colcon_core.package_identification:_identify(src/multi_modal_robot_description) by extensions ['ros']
[0.407s] Level 1:colcon.colcon_core.package_identification:_identify(src/multi_modal_robot_description) by extension 'ros'
[0.408s] DEBUG:colcon.colcon_core.package_identification:Package 'src/multi_modal_robot_description' with type 'ros.ament_cmake' and name 'multi_modal_robot_description'
[0.409s] Level 1:colcon.colcon_core.package_identification:_identify(src/multi_modal_worlds) by extensions ['ignore', 'ignore_ament_install']
[0.409s] Level 1:colcon.colcon_core.package_identification:_identify(src/multi_modal_worlds) by extension 'ignore'
[0.409s] Level 1:colcon.colcon_core.package_identification:_identify(src/multi_modal_worlds) by extension 'ignore_ament_install'
[0.409s] Level 1:colcon.colcon_core.package_identification:_identify(src/multi_modal_worlds) by extensions ['colcon_pkg']
[0.409s] Level 1:colcon.colcon_core.package_identification:_identify(src/multi_modal_worlds) by extension 'colcon_pkg'
[0.409s] Level 1:colcon.colcon_core.package_identification:_identify(src/multi_modal_worlds) by extensions ['colcon_meta']
[0.409s] Level 1:colcon.colcon_core.package_identification:_identify(src/multi_modal_worlds) by extension 'colcon_meta'
[0.409s] Level 1:colcon.colcon_core.package_identification:_identify(src/multi_modal_worlds) by extensions ['ros']
[0.409s] Level 1:colcon.colcon_core.package_identification:_identify(src/multi_modal_worlds) by extension 'ros'
[0.410s] DEBUG:colcon.colcon_core.package_identification:Package 'src/multi_modal_worlds' with type 'ros.ament_cmake' and name 'multi_modal_worlds'
[0.410s] Level 1:colcon.colcon_core.package_discovery:discover_packages(recursive) using defaults
[0.410s] Level 1:colcon.colcon_core.package_discovery:discover_packages(ignore) discover
[0.410s] Level 1:colcon.colcon_core.package_discovery:discover_packages(ignore) using defaults
[0.410s] Level 1:colcon.colcon_core.package_discovery:discover_packages(path) discover
[0.410s] Level 1:colcon.colcon_core.package_discovery:discover_packages(path) using defaults
[0.450s] INFO:colcon.colcon_core.package_selection:Skipping not selected package 'multi_modal_bringup' in 'src/multi_modal_bringup'
[0.451s] INFO:colcon.colcon_core.package_selection:Skipping not selected package 'multi_modal_perception' in 'src/multi_modal_perception'
[0.451s] Level 5:colcon.colcon_core.verb:set package 'multi_amr_coordination' build argument 'cmake_args' from command line to 'None'
[0.451s] Level 5:colcon.colcon_core.verb:set package 'multi_amr_coordination' build argument 'cmake_target' from command line to 'None'
[0.451s] Level 5:colcon.colcon_core.verb:set package 'multi_amr_coordination' build argument 'cmake_target_skip_unavailable' from command line to 'False'
[0.451s] Level 5:colcon.colcon_core.verb:set package 'multi_amr_coordination' build argument 'cmake_clean_cache' from command line to 'False'
[0.451s] Level 5:colcon.colcon_core.verb:set package 'multi_amr_coordination' build argument 'cmake_clean_first' from command line to 'False'
[0.451s] Level 5:colcon.colcon_core.verb:set package 'multi_amr_coordination' build argument 'cmake_force_configure' from command line to 'False'
[0.451s] Level 5:colcon.colcon_core.verb:set package 'multi_amr_coordination' build argument 'ament_cmake_args' from command line to 'None'
[0.451s] Level 5:colcon.colcon_core.verb:set package 'multi_amr_coordination' build argument 'catkin_cmake_args' from command line to 'None'
[0.451s] Level 5:colcon.colcon_core.verb:set package 'multi_amr_coordination' build argument 'catkin_skip_building_tests' from command line to 'False'
[0.451s] DEBUG:colcon.colcon_core.verb:Building package 'multi_amr_coordination' with the following arguments: {'ament_cmake_args': None, 'build_base': '/workspaces/multi_amr/build/multi_amr_coordination', 'catkin_cmake_args': None, 'catkin_skip_building_tests': False, 'cmake_args': None, 'cmake_clean_cache': False, 'cmake_clean_first': False, 'cmake_force_configure': False, 'cmake_target': None, 'cmake_target_skip_unavailable': False, 'install_base': '/workspaces/multi_amr/install/multi_amr_coordination', 'merge_install': False, 'path': '/workspaces/multi_amr/src/multi_amr_coordination', 'symlink_install': True, 'test_result_base': None}
[0.452s] Level 5:colcon.colcon_core.verb:set package 'multi_modal_robot_description' build argument 'cmake_args' from command line to 'None'
[0.452s] Level 5:colcon.colcon_core.verb:set package 'multi_modal_robot_description' build argument 'cmake_target' from command line to 'None'
[0.452s] Level 5:colcon.colcon_core.verb:set package 'multi_modal_robot_description' build argument 'cmake_target_skip_unavailable' from command line to 'False'
[0.452s] Level 5:colcon.colcon_core.verb:set package 'multi_modal_robot_description' build argument 'cmake_clean_cache' from command line to 'False'
[0.452s] Level 5:colcon.colcon_core.verb:set package 'multi_modal_robot_description' build argument 'cmake_clean_first' from command line to 'False'
[0.452s] Level 5:colcon.colcon_core.verb:set package 'multi_modal_robot_description' build argument 'cmake_force_configure' from command line to 'False'
[0.452s] Level 5:colcon.colcon_core.verb:set package 'multi_modal_robot_description' build argument 'ament_cmake_args' from command line to 'None'
[0.452s] Level 5:colcon.colcon_core.verb:set package 'multi_modal_robot_description' build argument 'catkin_cmake_args' from command line to 'None'
[0.452s] Level 5:colcon.colcon_core.verb:set package 'multi_modal_robot_description' build argument 'catkin_skip_building_tests' from command line to 'False'
[0.452s] DEBUG:colcon.colcon_core.verb:Building package 'multi_modal_robot_description' with the following arguments: {'ament_cmake_args': None, 'build_base': '/workspaces/multi_amr/build/multi_modal_robot_description', 'catkin_cmake_args': None, 'catkin_skip_building_tests': False, 'cmake_args': None, 'cmake_clean_cache': False, 'cmake_clean_first': False, 'cmake_force_configure': False, 'cmake_target': None, 'cmake_target_skip_unavailable': False, 'install_base': '/workspaces/multi_amr/install/multi_modal_robot_description', 'merge_install': False, 'path': '/workspaces/multi_amr/src/multi_modal_robot_description', 'symlink_install': True, 'test_result_base': None}
[0.453s] Level 5:colcon.colcon_core.verb:set package 'multi_modal_worlds' build argument 'cmake_args' from command line to 'None'
[0.453s] Level 5:colcon.colcon_core.verb:set package 'multi_modal_worlds' build argument 'cmake_target' from command line to 'None'
[0.453s] Level 5:colcon.colcon_core.verb:set package 'multi_modal_worlds' build argument 'cmake_target_skip_unavailable' from command line to 'False'
[0.453s] Level 5:colcon.colcon_core.verb:set package 'multi_modal_worlds' build argument 'cmake_clean_cache' from command line to 'False'
[0.453s] Level 5:colcon.colcon_core.verb:set package 'multi_modal_worlds' build argument 'cmake_clean_first' from command line to 'False'
[0.453s] Level 5:colcon.colcon_core.verb:set package 'multi_modal_worlds' build argument 'cmake_force_configure' from command line to 'False'
[0.453s] Level 5:colcon.colcon_core.verb:set package 'multi_modal_worlds' build argument 'ament_cmake_args' from command line to 'None'
[0.453s] Level 5:colcon.colcon_core.verb:set package 'multi_modal_worlds' build argument 'catkin_cmake_args' from command line to 'None'
[0.453s] Level 5:colcon.colcon_core.verb:set package 'multi_modal_worlds' build argument 'catkin_skip_building_tests' from command line to 'False'
[0.453s] DEBUG:colcon.colcon_core.verb:Building package 'multi_modal_worlds' with the following arguments: {'ament_cmake_args': None, 'build_base': '/workspaces/multi_amr/build/multi_modal_worlds', 'catkin_cmake_args': None, 'catkin_skip_building_tests': False, 'cmake_args': None, 'cmake_clean_cache': False, 'cmake_clean_first': False, 'cmake_force_configure': False, 'cmake_target': None, 'cmake_target_skip_unavailable': False, 'install_base': '/workspaces/multi_amr/install/multi_modal_worlds', 'merge_install': False, 'path': '/workspaces/multi_amr/src/multi_modal_worlds', 'symlink_install': True, 'test_result_base': None}
[0.453s] INFO:colcon.colcon_core.executor:Executing jobs using 'parallel' executor
[0.455s] DEBUG:colcon.colcon_parallel_executor.executor.parallel:run_until_complete
[0.455s] INFO:colcon.colcon_ros.task.ament_python.build:Building ROS package in '/workspaces/multi_amr/src/multi_amr_coordination' with build type 'ament_python'
[0.455s] Level 1:colcon.colcon_core.shell:create_environment_hook('multi_amr_coordination', 'ament_prefix_path')
[0.459s] INFO:colcon.colcon_core.plugin_system:Skipping extension 'colcon_core.shell.bat': Not used on non-Windows systems
[0.460s] INFO:colcon.colcon_core.shell:Creating environment hook '/workspaces/multi_amr/install/multi_amr_coordination/share/multi_amr_coordination/hook/ament_prefix_path.ps1'
[0.461s] INFO:colcon.colcon_core.shell:Creating environment descriptor '/workspaces/multi_amr/install/multi_amr_coordination/share/multi_amr_coordination/hook/ament_prefix_path.dsv'
[0.462s] INFO:colcon.colcon_core.shell:Creating environment hook '/workspaces/multi_amr/install/multi_amr_coordination/share/multi_amr_coordination/hook/ament_prefix_path.sh'
[0.463s] INFO:colcon.colcon_core.shell:Skip shell extension 'powershell' for command environment: Not usable outside of PowerShell
[0.464s] DEBUG:colcon.colcon_core.shell:Skip shell extension 'dsv' for command environment
[0.471s] INFO:colcon.colcon_ros.task.ament_cmake.build:Building ROS package in '/workspaces/multi_amr/src/multi_modal_robot_description' with build type 'ament_cmake'
[0.471s] INFO:colcon.colcon_cmake.task.cmake.build:Building CMake package in '/workspaces/multi_amr/src/multi_modal_robot_description'
[0.471s] INFO:colcon.colcon_core.shell:Skip shell extension 'powershell' for command environment: Not usable outside of PowerShell
[0.471s] DEBUG:colcon.colcon_core.shell:Skip shell extension 'dsv' for command environment
[0.477s] INFO:colcon.colcon_ros.task.ament_cmake.build:Building ROS package in '/workspaces/multi_amr/src/multi_modal_worlds' with build type 'ament_cmake'
[0.478s] INFO:colcon.colcon_cmake.task.cmake.build:Building CMake package in '/workspaces/multi_amr/src/multi_modal_worlds'
[0.478s] INFO:colcon.colcon_core.shell:Skip shell extension 'powershell' for command environment: Not usable outside of PowerShell
[0.478s] DEBUG:colcon.colcon_core.shell:Skip shell extension 'dsv' for command environment
[0.771s] INFO:colcon.colcon_core.task.python.build:Building Python package in '/workspaces/multi_amr/src/multi_amr_coordination'
[0.772s] INFO:colcon.colcon_core.shell:Skip shell extension 'powershell' for command environment: Not usable outside of PowerShell
[0.772s] DEBUG:colcon.colcon_core.shell:Skip shell extension 'dsv' for command environment
[0.779s] DEBUG:colcon.colcon_core.event_handler.log_command:Invoking command in '/workspaces/multi_amr/build/multi_modal_robot_description': CMAKE_PREFIX_PATH=/opt/ros/humble /usr/bin/cmake /workspaces/multi_amr/src/multi_modal_robot_description -DAMENT_CMAKE_SYMLINK_INSTALL=1 -DCMAKE_INSTALL_PREFIX=/workspaces/multi_amr/install/multi_modal_robot_description
[0.800s] DEBUG:colcon.colcon_core.event_handler.log_command:Invoking command in '/workspaces/multi_amr/build/multi_modal_worlds': CMAKE_PREFIX_PATH=/opt/ros/humble /usr/bin/cmake /workspaces/multi_amr/src/multi_modal_worlds -DAMENT_CMAKE_SYMLINK_INSTALL=1 -DCMAKE_INSTALL_PREFIX=/workspaces/multi_amr/install/multi_modal_worlds
[1.303s] DEBUG:colcon.colcon_core.task.python.build:Available setuptools commands: dist_info, bdist_egg, install_egg_info, upload, install_lib, upload_docs, build, symlink_data, bdist_rpm, test, build_py, easy_install, install_scripts, develop, build_scripts, clean, setopt, build_ext, sdist, bdist_dumb, alias, register, install_data, egg_info, install_headers, bdist, build_clib, install, check, saveopts, rotate
[1.835s] DEBUG:colcon.colcon_core.task.python.build:Available setuptools 'develop' options: --install-layout, --uninstall, --find-links, --script-dir, --egg-path, --always-copy, --upgrade, --dry-run, --multi-version, --site-dirs, --version, --force-installation-into-system-dir, --local-snapshots-ok, --install-dir, --optimize, --verbose, --zip-ok, --help, --prefix, --record, --allow-hosts, --no-find-links, --index-url, --user, --always-unzip, --quiet, --build-directory, --editable, --no-deps, --exclude-scripts, --no-user-cfg
[1.865s] DEBUG:colcon.colcon_core.event_handler.log_command:Invoking command in '/workspaces/multi_amr/build/multi_amr_coordination': PYTHONPATH=/workspaces/multi_amr/build/multi_amr_coordination/prefix_override:/usr/lib/python3/dist-packages/colcon_core/task/python/colcon_distutils_commands:/workspaces/multi_amr/install/multi_amr_coordination/lib/python3.10/site-packages:${PYTHONPATH} /usr/bin/python3 -W ignore:setup.py install is deprecated -W ignore:easy_install command is deprecated setup.py develop --editable --build-directory /workspaces/multi_amr/build/multi_amr_coordination/build --no-deps symlink_data
[2.322s] DEBUG:colcon.colcon_core.event_handler.log_command:Invoked command in '/workspaces/multi_amr/build/multi_modal_worlds' returned '0': CMAKE_PREFIX_PATH=/opt/ros/humble /usr/bin/cmake /workspaces/multi_amr/src/multi_modal_worlds -DAMENT_CMAKE_SYMLINK_INSTALL=1 -DCMAKE_INSTALL_PREFIX=/workspaces/multi_amr/install/multi_modal_worlds
[2.325s] DEBUG:colcon.colcon_core.event_handler.log_command:Invoking command in '/workspaces/multi_amr/build/multi_modal_worlds': CMAKE_PREFIX_PATH=/opt/ros/humble /usr/bin/cmake --build /workspaces/multi_amr/build/multi_modal_worlds -- -j12 -l12
[2.403s] DEBUG:colcon.colcon_core.event_handler.log_command:Invoked command in '/workspaces/multi_amr/build/multi_modal_worlds' returned '0': CMAKE_PREFIX_PATH=/opt/ros/humble /usr/bin/cmake --build /workspaces/multi_amr/build/multi_modal_worlds -- -j12 -l12
[2.424s] DEBUG:colcon.colcon_core.event_handler.log_command:Invoking command in '/workspaces/multi_amr/build/multi_modal_worlds': CMAKE_PREFIX_PATH=/opt/ros/humble /usr/bin/cmake --install /workspaces/multi_amr/build/multi_modal_worlds
[2.537s] Level 1:colcon.colcon_core.shell:create_environment_hook('multi_amr_coordination', 'pythonpath_develop')
[2.538s] INFO:colcon.colcon_core.shell:Creating environment hook '/workspaces/multi_amr/build/multi_amr_coordination/share/multi_amr_coordination/hook/pythonpath_develop.ps1'
[2.540s] DEBUG:colcon.colcon_core.event_handler.log_command:Invoked command in '/workspaces/multi_amr/build/multi_amr_coordination' returned '0': PYTHONPATH=/workspaces/multi_amr/build/multi_amr_coordination/prefix_override:/usr/lib/python3/dist-packages/colcon_core/task/python/colcon_distutils_commands:/workspaces/multi_amr/install/multi_amr_coordination/lib/python3.10/site-packages:${PYTHONPATH} /usr/bin/python3 -W ignore:setup.py install is deprecated -W ignore:easy_install command is deprecated setup.py develop --editable --build-directory /workspaces/multi_amr/build/multi_amr_coordination/build --no-deps symlink_data
[2.541s] INFO:colcon.colcon_core.shell:Creating environment descriptor '/workspaces/multi_amr/build/multi_amr_coordination/share/multi_amr_coordination/hook/pythonpath_develop.dsv'
[2.542s] INFO:colcon.colcon_core.shell:Creating environment hook '/workspaces/multi_amr/build/multi_amr_coordination/share/multi_amr_coordination/hook/pythonpath_develop.sh'
[2.549s] Level 1:colcon.colcon_core.environment:checking '/workspaces/multi_amr/install/multi_amr_coordination' for CMake module files
[2.550s] Level 1:colcon.colcon_core.environment:checking '/workspaces/multi_amr/install/multi_amr_coordination' for CMake config files
[2.551s] Level 1:colcon.colcon_core.environment:checking '/workspaces/multi_amr/install/multi_amr_coordination/lib'
[2.552s] Level 1:colcon.colcon_core.environment:checking '/workspaces/multi_amr/install/multi_amr_coordination/bin'
[2.552s] Level 1:colcon.colcon_core.environment:checking '/workspaces/multi_amr/install/multi_amr_coordination/lib/pkgconfig/multi_amr_coordination.pc'
[2.553s] Level 1:colcon.colcon_core.environment:checking '/workspaces/multi_amr/install/multi_amr_coordination/lib/python3.10/site-packages'
[2.553s] Level 1:colcon.colcon_core.shell:create_environment_hook('multi_amr_coordination', 'pythonpath')
[2.553s] INFO:colcon.colcon_core.shell:Creating environment hook '/workspaces/multi_amr/install/multi_amr_coordination/share/multi_amr_coordination/hook/pythonpath.ps1'
[2.556s] INFO:colcon.colcon_core.shell:Creating environment descriptor '/workspaces/multi_amr/install/multi_amr_coordination/share/multi_amr_coordination/hook/pythonpath.dsv'
[2.558s] INFO:colcon.colcon_core.shell:Creating environment hook '/workspaces/multi_amr/install/multi_amr_coordination/share/multi_amr_coordination/hook/pythonpath.sh'
[2.560s] Level 1:colcon.colcon_core.environment:checking '/workspaces/multi_amr/install/multi_amr_coordination/bin'
[2.561s] Level 1:colcon.colcon_core.environment:create_environment_scripts_only(multi_amr_coordination)
[2.562s] INFO:colcon.colcon_core.shell:Creating package script '/workspaces/multi_amr/install/multi_amr_coordination/share/multi_amr_coordination/package.ps1'
[2.565s] INFO:colcon.colcon_core.shell:Creating package descriptor '/workspaces/multi_amr/install/multi_amr_coordination/share/multi_amr_coordination/package.dsv'
[2.568s] INFO:colcon.colcon_core.shell:Creating package script '/workspaces/multi_amr/install/multi_amr_coordination/share/multi_amr_coordination/package.sh'
[2.571s] INFO:colcon.colcon_core.shell:Creating package script '/workspaces/multi_amr/install/multi_amr_coordination/share/multi_amr_coordination/package.bash'
[2.573s] INFO:colcon.colcon_core.shell:Creating package script '/workspaces/multi_amr/install/multi_amr_coordination/share/multi_amr_coordination/package.zsh'
[2.576s] Level 1:colcon.colcon_core.environment:create_file_with_runtime_dependencies(/workspaces/multi_amr/install/multi_amr_coordination/share/colcon-core/packages/multi_amr_coordination)
[2.856s] Level 1:colcon.colcon_core.environment:create_environment_scripts_only(multi_modal_worlds)
[2.856s] Level 1:colcon.colcon_core.environment:checking '/workspaces/multi_amr/install/multi_modal_worlds' for CMake module files
[2.858s] DEBUG:colcon.colcon_core.event_handler.log_command:Invoked command in '/workspaces/multi_amr/build/multi_modal_worlds' returned '0': CMAKE_PREFIX_PATH=/opt/ros/humble /usr/bin/cmake --install /workspaces/multi_amr/build/multi_modal_worlds
[2.859s] Level 1:colcon.colcon_core.environment:checking '/workspaces/multi_amr/install/multi_modal_worlds' for CMake config files
[2.859s] Level 1:colcon.colcon_core.shell:create_environment_hook('multi_modal_worlds', 'cmake_prefix_path')
[2.860s] INFO:colcon.colcon_core.shell:Creating environment hook '/workspaces/multi_amr/install/multi_modal_worlds/share/multi_modal_worlds/hook/cmake_prefix_path.ps1'
[2.862s] INFO:colcon.colcon_core.shell:Creating environment descriptor '/workspaces/multi_amr/install/multi_modal_worlds/share/multi_modal_worlds/hook/cmake_prefix_path.dsv'
[2.863s] INFO:colcon.colcon_core.shell:Creating environment hook '/workspaces/multi_amr/install/multi_modal_worlds/share/multi_modal_worlds/hook/cmake_prefix_path.sh'
[2.865s] Level 1:colcon.colcon_core.environment:checking '/workspaces/multi_amr/install/multi_modal_worlds/lib'
[2.865s] Level 1:colcon.colcon_core.environment:checking '/workspaces/multi_amr/install/multi_modal_worlds/bin'
[2.865s] Level 1:colcon.colcon_core.environment:checking '/workspaces/multi_amr/install/multi_modal_worlds/lib/pkgconfig/multi_modal_worlds.pc'
[2.866s] Level 1:colcon.colcon_core.environment:checking '/workspaces/multi_amr/install/multi_modal_worlds/lib/python3.10/site-packages'
[2.867s] Level 1:colcon.colcon_core.environment:checking '/workspaces/multi_amr/install/multi_modal_worlds/bin'
[2.869s] INFO:colcon.colcon_core.shell:Creating package script '/workspaces/multi_amr/install/multi_modal_worlds/share/multi_modal_worlds/package.ps1'
[2.871s] INFO:colcon.colcon_core.shell:Creating package descriptor '/workspaces/multi_amr/install/multi_modal_worlds/share/multi_modal_worlds/package.dsv'
[2.873s] INFO:colcon.colcon_core.shell:Creating package script '/workspaces/multi_amr/install/multi_modal_worlds/share/multi_modal_worlds/package.sh'
[2.874s] INFO:colcon.colcon_core.shell:Creating package script '/workspaces/multi_amr/install/multi_modal_worlds/share/multi_modal_worlds/package.bash'
[2.875s] INFO:colcon.colcon_core.shell:Creating package script '/workspaces/multi_amr/install/multi_modal_worlds/share/multi_modal_worlds/package.zsh'
[2.876s] Level 1:colcon.colcon_core.environment:create_file_with_runtime_dependencies(/workspaces/multi_amr/install/multi_modal_worlds/share/colcon-core/packages/multi_modal_worlds)
[2.879s] Level 1:colcon.colcon_core.environment:create_environment_scripts_only(multi_modal_worlds)
[2.879s] Level 1:colcon.colcon_core.environment:checking '/workspaces/multi_amr/install/multi_modal_worlds' for CMake module files
[2.880s] Level 1:colcon.colcon_core.environment:checking '/workspaces/multi_amr/install/multi_modal_worlds' for CMake config files
[2.881s] Level 1:colcon.colcon_core.shell:create_environment_hook('multi_modal_worlds', 'cmake_prefix_path')
[2.881s] INFO:colcon.colcon_core.shell:Creating environment hook '/workspaces/multi_amr/install/multi_modal_worlds/share/multi_modal_worlds/hook/cmake_prefix_path.ps1'
[2.883s] INFO:colcon.colcon_core.shell:Creating environment descriptor '/workspaces/multi_amr/install/multi_modal_worlds/share/multi_modal_worlds/hook/cmake_prefix_path.dsv'
[2.883s] INFO:colcon.colcon_core.shell:Creating environment hook '/workspaces/multi_amr/install/multi_modal_worlds/share/multi_modal_worlds/hook/cmake_prefix_path.sh'
[2.885s] Level 1:colcon.colcon_core.environment:checking '/workspaces/multi_amr/install/multi_modal_worlds/lib'
[2.885s] Level 1:colcon.colcon_core.environment:checking '/workspaces/multi_amr/install/multi_modal_worlds/bin'
[2.885s] Level 1:colcon.colcon_core.environment:checking '/workspaces/multi_amr/install/multi_modal_worlds/lib/pkgconfig/multi_modal_worlds.pc'
[2.886s] Level 1:colcon.colcon_core.environment:checking '/workspaces/multi_amr/install/multi_modal_worlds/lib/python3.10/site-packages'
[2.886s] Level 1:colcon.colcon_core.environment:checking '/workspaces/multi_amr/install/multi_modal_worlds/bin'
[2.887s] INFO:colcon.colcon_core.shell:Creating package script '/workspaces/multi_amr/install/multi_modal_worlds/share/multi_modal_worlds/package.ps1'
[2.889s] INFO:colcon.colcon_core.shell:Creating package descriptor '/workspaces/multi_amr/install/multi_modal_worlds/share/multi_modal_worlds/package.dsv'
[2.890s] INFO:colcon.colcon_core.shell:Creating package script '/workspaces/multi_amr/install/multi_modal_worlds/share/multi_modal_worlds/package.sh'
[2.891s] INFO:colcon.colcon_core.shell:Creating package script '/workspaces/multi_amr/install/multi_modal_worlds/share/multi_modal_worlds/package.bash'
[2.892s] INFO:colcon.colcon_core.shell:Creating package script '/workspaces/multi_amr/install/multi_modal_worlds/share/multi_modal_worlds/package.zsh'
[2.893s] Level 1:colcon.colcon_core.environment:create_file_with_runtime_dependencies(/workspaces/multi_amr/install/multi_modal_worlds/share/colcon-core/packages/multi_modal_worlds)
[4.034s] DEBUG:colcon.colcon_core.event_handler.log_command:Invoked command in '/workspaces/multi_amr/build/multi_modal_robot_description' returned '0': CMAKE_PREFIX_PATH=/opt/ros/humble /usr/bin/cmake /workspaces/multi_amr/src/multi_modal_robot_description -DAMENT_CMAKE_SYMLINK_INSTALL=1 -DCMAKE_INSTALL_PREFIX=/workspaces/multi_amr/install/multi_modal_robot_description
[4.035s] DEBUG:colcon.colcon_core.event_handler.log_command:Invoking command in '/workspaces/multi_amr/build/multi_modal_robot_description': CMAKE_PREFIX_PATH=/opt/ros/humble /usr/bin/cmake --build /workspaces/multi_amr/build/multi_modal_robot_description -- -j12 -l12
[4.097s] DEBUG:colcon.colcon_core.event_handler.log_command:Invoked command in '/workspaces/multi_amr/build/multi_modal_robot_description' returned '0': CMAKE_PREFIX_PATH=/opt/ros/humble /usr/bin/cmake --build /workspaces/multi_amr/build/multi_modal_robot_description -- -j12 -l12
[4.100s] DEBUG:colcon.colcon_core.event_handler.log_command:Invoking command in '/workspaces/multi_amr/build/multi_modal_robot_description': CMAKE_PREFIX_PATH=/opt/ros/humble /usr/bin/cmake --install /workspaces/multi_amr/build/multi_modal_robot_description
[4.623s] Level 1:colcon.colcon_core.environment:create_environment_scripts_only(multi_modal_robot_description)
[4.623s] Level 1:colcon.colcon_core.environment:checking '/workspaces/multi_amr/install/multi_modal_robot_description' for CMake module files
[4.624s] DEBUG:colcon.colcon_core.event_handler.log_command:Invoked command in '/workspaces/multi_amr/build/multi_modal_robot_description' returned '0': CMAKE_PREFIX_PATH=/opt/ros/humble /usr/bin/cmake --install /workspaces/multi_amr/build/multi_modal_robot_description
[4.625s] Level 1:colcon.colcon_core.environment:checking '/workspaces/multi_amr/install/multi_modal_robot_description' for CMake config files
[4.626s] Level 1:colcon.colcon_core.shell:create_environment_hook('multi_modal_robot_description', 'cmake_prefix_path')
[4.627s] INFO:colcon.colcon_core.shell:Creating environment hook '/workspaces/multi_amr/install/multi_modal_robot_description/share/multi_modal_robot_description/hook/cmake_prefix_path.ps1'
[4.627s] INFO:colcon.colcon_core.shell:Creating environment descriptor '/workspaces/multi_amr/install/multi_modal_robot_description/share/multi_modal_robot_description/hook/cmake_prefix_path.dsv'
[4.628s] INFO:colcon.colcon_core.shell:Creating environment hook '/workspaces/multi_amr/install/multi_modal_robot_description/share/multi_modal_robot_description/hook/cmake_prefix_path.sh'
[4.629s] Level 1:colcon.colcon_core.environment:checking '/workspaces/multi_amr/install/multi_modal_robot_description/bin'
[4.629s] Level 1:colcon.colcon_core.environment:checking '/workspaces/multi_amr/install/multi_modal_robot_description/lib/pkgconfig/multi_modal_robot_description.pc'
[4.629s] Level 1:colcon.colcon_core.environment:checking '/workspaces/multi_amr/install/multi_modal_robot_description/lib/python3.10/site-packages'
[4.630s] Level 1:colcon.colcon_core.environment:checking '/workspaces/multi_amr/install/multi_modal_robot_description/bin'
[4.630s] INFO:colcon.colcon_core.shell:Creating package script '/workspaces/multi_amr/install/multi_modal_robot_description/share/multi_modal_robot_description/package.ps1'
[4.631s] INFO:colcon.colcon_core.shell:Creating package descriptor '/workspaces/multi_amr/install/multi_modal_robot_description/share/multi_modal_robot_description/package.dsv'
[4.632s] INFO:colcon.colcon_core.shell:Creating package script '/workspaces/multi_amr/install/multi_modal_robot_description/share/multi_modal_robot_description/package.sh'
[4.633s] INFO:colcon.colcon_core.shell:Creating package script '/workspaces/multi_amr/install/multi_modal_robot_description/share/multi_modal_robot_description/package.bash'
[4.633s] INFO:colcon.colcon_core.shell:Creating package script '/workspaces/multi_amr/install/multi_modal_robot_description/share/multi_modal_robot_description/package.zsh'
[4.634s] Level 1:colcon.colcon_core.environment:create_file_with_runtime_dependencies(/workspaces/multi_amr/install/multi_modal_robot_description/share/colcon-core/packages/multi_modal_robot_description)
[4.635s] Level 1:colcon.colcon_core.environment:create_environment_scripts_only(multi_modal_robot_description)
[4.635s] Level 1:colcon.colcon_core.environment:checking '/workspaces/multi_amr/install/multi_modal_robot_description' for CMake module files
[4.636s] Level 1:colcon.colcon_core.environment:checking '/workspaces/multi_amr/install/multi_modal_robot_description' for CMake config files
[4.636s] Level 1:colcon.colcon_core.shell:create_environment_hook('multi_modal_robot_description', 'cmake_prefix_path')
[4.637s] INFO:colcon.colcon_core.shell:Creating environment hook '/workspaces/multi_amr/install/multi_modal_robot_description/share/multi_modal_robot_description/hook/cmake_prefix_path.ps1'
[4.637s] INFO:colcon.colcon_core.shell:Creating environment descriptor '/workspaces/multi_amr/install/multi_modal_robot_description/share/multi_modal_robot_description/hook/cmake_prefix_path.dsv'
[4.638s] INFO:colcon.colcon_core.shell:Creating environment hook '/workspaces/multi_amr/install/multi_modal_robot_description/share/multi_modal_robot_description/hook/cmake_prefix_path.sh'
[4.639s] Level 1:colcon.colcon_core.environment:checking '/workspaces/multi_amr/install/multi_modal_robot_description/bin'
[4.639s] Level 1:colcon.colcon_core.environment:checking '/workspaces/multi_amr/install/multi_modal_robot_description/lib/pkgconfig/multi_modal_robot_description.pc'
[4.639s] Level 1:colcon.colcon_core.environment:checking '/workspaces/multi_amr/install/multi_modal_robot_description/lib/python3.10/site-packages'
[4.640s] Level 1:colcon.colcon_core.environment:checking '/workspaces/multi_amr/install/multi_modal_robot_description/bin'
[4.640s] INFO:colcon.colcon_core.shell:Creating package script '/workspaces/multi_amr/install/multi_modal_robot_description/share/multi_modal_robot_description/package.ps1'
[4.641s] INFO:colcon.colcon_core.shell:Creating package descriptor '/workspaces/multi_amr/install/multi_modal_robot_description/share/multi_modal_robot_description/package.dsv'
[4.642s] INFO:colcon.colcon_core.shell:Creating package script '/workspaces/multi_amr/install/multi_modal_robot_description/share/multi_modal_robot_description/package.sh'
[4.643s] INFO:colcon.colcon_core.shell:Creating package script '/workspaces/multi_amr/install/multi_modal_robot_description/share/multi_modal_robot_description/package.bash'
[4.644s] INFO:colcon.colcon_core.shell:Creating package script '/workspaces/multi_amr/install/multi_modal_robot_description/share/multi_modal_robot_description/package.zsh'
[4.644s] Level 1:colcon.colcon_core.environment:create_file_with_runtime_dependencies(/workspaces/multi_amr/install/multi_modal_robot_description/share/colcon-core/packages/multi_modal_robot_description)
[4.645s] DEBUG:colcon.colcon_parallel_executor.executor.parallel:closing loop
[4.646s] DEBUG:colcon.colcon_parallel_executor.executor.parallel:loop closed
[4.646s] DEBUG:colcon.colcon_parallel_executor.executor.parallel:run_until_complete finished with '0'
[4.646s] DEBUG:colcon.colcon_core.event_reactor:joining thread
[4.656s] INFO:colcon.colcon_core.plugin_system:Skipping extension 'colcon_notification.desktop_notification.notify_send': Could not find 'notify-send'
[4.656s] INFO:colcon.colcon_core.plugin_system:Skipping extension 'colcon_notification.desktop_notification.terminal_notifier': Not used on non-Darwin systems
[4.657s] INFO:colcon.colcon_core.plugin_system:Skipping extension 'colcon_notification.desktop_notification.win32': Not used on non-Windows systems
[4.657s] INFO:colcon.colcon_notification.desktop_notification:Sending desktop notification using 'notify2'
[4.663s] DEBUG:colcon.colcon_notification.desktop_notification.notify2:Failed to initialize notify2: org.freedesktop.DBus.Error.Spawn.ExecFailed: /usr/bin/dbus-launch terminated abnormally without any error message
[4.663s] DEBUG:colcon.colcon_core.event_reactor:joined thread
[4.665s] INFO:colcon.colcon_core.shell:Creating prefix script '/workspaces/multi_amr/install/local_setup.ps1'
[4.667s] INFO:colcon.colcon_core.shell:Creating prefix util module '/workspaces/multi_amr/install/_local_setup_util_ps1.py'
[4.669s] INFO:colcon.colcon_core.shell:Creating prefix chain script '/workspaces/multi_amr/install/setup.ps1'
[4.671s] INFO:colcon.colcon_core.shell:Creating prefix script '/workspaces/multi_amr/install/local_setup.sh'
[4.672s] INFO:colcon.colcon_core.shell:Creating prefix util module '/workspaces/multi_amr/install/_local_setup_util_sh.py'
[4.672s] INFO:colcon.colcon_core.shell:Creating prefix chain script '/workspaces/multi_amr/install/setup.sh'
[4.674s] INFO:colcon.colcon_core.shell:Creating prefix script '/workspaces/multi_amr/install/local_setup.bash'
[4.675s] INFO:colcon.colcon_core.shell:Creating prefix chain script '/workspaces/multi_amr/install/setup.bash'
[4.676s] INFO:colcon.colcon_core.shell:Creating prefix script '/workspaces/multi_amr/install/local_setup.zsh'
[4.677s] INFO:colcon.colcon_core.shell:Creating prefix chain script '/workspaces/multi_amr/install/setup.zsh'
