[0.000000] (-) TimerEvent: {}
[0.000961] (-) JobUnselected: {'identifier': 'multi_modal_bringup'}
[0.001105] (-) JobUnselected: {'identifier': 'multi_modal_perception'}
[0.001149] (multi_amr_coordination) JobQueued: {'identifier': 'multi_amr_coordination', 'dependencies': OrderedDict()}
[0.001208] (multi_modal_robot_description) JobQueued: {'identifier': 'multi_modal_robot_description', 'dependencies': OrderedDict()}
[0.001240] (multi_modal_worlds) JobQueued: {'identifier': 'multi_modal_worlds', 'dependencies': OrderedDict()}
[0.001265] (multi_amr_coordination) JobStarted: {'identifier': 'multi_amr_coordination'}
[0.013143] (multi_modal_robot_description) JobStarted: {'identifier': 'multi_modal_robot_description'}
[0.018529] (multi_modal_worlds) JobStarted: {'identifier': 'multi_modal_worlds'}
[0.098891] (-) TimerEvent: {}
[0.199278] (-) TimerEvent: {}
[0.286316] (multi_modal_robot_description) JobProgress: {'identifier': 'multi_modal_robot_description', 'progress': 'cmake'}
[0.295942] (multi_modal_robot_description) JobProgress: {'identifier': 'multi_modal_robot_description', 'progress': 'build'}
[0.296806] (multi_modal_robot_description) Command: {'cmd': ['/usr/bin/cmake', '--build', '/workspaces/multi_amr/build/multi_modal_robot_description', '--', '-j4', '-l4'], 'cwd': '/workspaces/multi_amr/build/multi_modal_robot_description', 'env': OrderedDict([('HOSTNAME', 'fedora'), ('SHLVL', '1'), ('LD_LIBRARY_PATH', '/usr/lib/x86_64-linux-gnu/gazebo-11/plugins:/opt/ros/humble/opt/rviz_ogre_vendor/lib:/opt/ros/humble/lib/x86_64-linux-gnu:/opt/ros/humble/lib'), ('HOME', '/root'), ('OLDPWD', '/workspaces/multi_amr'), ('ROS_PYTHON_VERSION', '3'), ('COLCON_PREFIX_PATH', '/workspaces/multi_amr/install'), ('ROS_DISTRO', 'humble'), ('_', '/usr/bin/colcon'), ('ROS_VERSION', '2'), ('TERM', 'xterm'), ('ROS_LOCALHOST_ONLY', '0'), ('QT_X11_NO_MITSHM', '1'), ('PATH', '/opt/ros/humble/bin:/usr/local/sbin:/usr/local/bin:/usr/sbin:/usr/bin:/sbin:/bin'), ('FASTRTPS_DEFAULT_PROFILES_FILE', '/workspaces/multi_amr/config/fastdds_udp.xml'), ('DISPLAY', ':0'), ('LANG', 'C.UTF-8'), ('ROS_DOMAIN_ID', '42'), ('AMENT_PREFIX_PATH', '/workspaces/multi_amr/install/multi_modal_worlds:/workspaces/multi_amr/install/multi_modal_robot_description:/workspaces/multi_amr/install/multi_amr_coordination:/opt/ros/humble'), ('PWD', '/workspaces/multi_amr/build/multi_modal_robot_description'), ('LC_ALL', 'C.UTF-8'), ('PYTHONPATH', '/workspaces/multi_amr/build/multi_amr_coordination:/workspaces/multi_amr/install/multi_amr_coordination/lib/python3.10/site-packages:/opt/ros/humble/lib/python3.10/site-packages:/opt/ros/humble/local/lib/python3.10/dist-packages'), ('COLCON', '1'), ('CMAKE_PREFIX_PATH', '/workspaces/multi_amr/install/multi_modal_worlds:/workspaces/multi_amr/install/multi_modal_robot_description:/workspaces/multi_amr/install/multi_amr_coordination:/opt/ros/humble')]), 'shell': False}
[0.300926] (-) TimerEvent: {}
[0.302769] (multi_modal_worlds) JobProgress: {'identifier': 'multi_modal_worlds', 'progress': 'cmake'}
[0.307842] (multi_modal_worlds) JobProgress: {'identifier': 'multi_modal_worlds', 'progress': 'build'}
[0.307936] (multi_modal_worlds) Command: {'cmd': ['/usr/bin/cmake', '--build', '/workspaces/multi_amr/build/multi_modal_worlds', '--', '-j4', '-l4'], 'cwd': '/workspaces/multi_amr/build/multi_modal_worlds', 'env': OrderedDict([('HOSTNAME', 'fedora'), ('SHLVL', '1'), ('LD_LIBRARY_PATH', '/usr/lib/x86_64-linux-gnu/gazebo-11/plugins:/opt/ros/humble/opt/rviz_ogre_vendor/lib:/opt/ros/humble/lib/x86_64-linux-gnu:/opt/ros/humble/lib'), ('HOME', '/root'), ('OLDPWD', '/workspaces/multi_amr'), ('ROS_PYTHON_VERSION', '3'), ('COLCON_PREFIX_PATH', '/workspaces/multi_amr/install'), ('ROS_DISTRO', 'humble'), ('_', '/usr/bin/colcon'), ('ROS_VERSION', '2'), ('TERM', 'xterm'), ('ROS_LOCALHOST_ONLY', '0'), ('QT_X11_NO_MITSHM', '1'), ('PATH', '/opt/ros/humble/bin:/usr/local/sbin:/usr/local/bin:/usr/sbin:/usr/bin:/sbin:/bin'), ('FASTRTPS_DEFAULT_PROFILES_FILE', '/workspaces/multi_amr/config/fastdds_udp.xml'), ('DISPLAY', ':0'), ('LANG', 'C.UTF-8'), ('ROS_DOMAIN_ID', '42'), ('AMENT_PREFIX_PATH', '/workspaces/multi_amr/install/multi_modal_worlds:/workspaces/multi_amr/install/multi_modal_robot_description:/workspaces/multi_amr/install/multi_amr_coordination:/opt/ros/humble'), ('PWD', '/workspaces/multi_amr/build/multi_modal_worlds'), ('LC_ALL', 'C.UTF-8'), ('PYTHONPATH', '/workspaces/multi_amr/build/multi_amr_coordination:/workspaces/multi_amr/install/multi_amr_coordination/lib/python3.10/site-packages:/opt/ros/humble/lib/python3.10/site-packages:/opt/ros/humble/local/lib/python3.10/dist-packages'), ('COLCON', '1'), ('CMAKE_PREFIX_PATH', '/workspaces/multi_amr/install/multi_modal_worlds:/workspaces/multi_amr/install/multi_modal_robot_description:/workspaces/multi_amr/install/multi_amr_coordination:/opt/ros/humble')]), 'shell': False}
[0.401028] (-) TimerEvent: {}
[0.501350] (-) TimerEvent: {}
[0.601868] (-) TimerEvent: {}
[0.691468] (multi_modal_worlds) CommandEnded: {'returncode': 0}
[0.692584] (multi_modal_worlds) JobProgress: {'identifier': 'multi_modal_worlds', 'progress': 'install'}
[0.701140] (multi_modal_worlds) Command: {'cmd': ['/usr/bin/cmake', '--install', '/workspaces/multi_amr/build/multi_modal_worlds'], 'cwd': '/workspaces/multi_amr/build/multi_modal_worlds', 'env': OrderedDict([('HOSTNAME', 'fedora'), ('SHLVL', '1'), ('LD_LIBRARY_PATH', '/usr/lib/x86_64-linux-gnu/gazebo-11/plugins:/opt/ros/humble/opt/rviz_ogre_vendor/lib:/opt/ros/humble/lib/x86_64-linux-gnu:/opt/ros/humble/lib'), ('HOME', '/root'), ('OLDPWD', '/workspaces/multi_amr'), ('ROS_PYTHON_VERSION', '3'), ('COLCON_PREFIX_PATH', '/workspaces/multi_amr/install'), ('ROS_DISTRO', 'humble'), ('_', '/usr/bin/colcon'), ('ROS_VERSION', '2'), ('TERM', 'xterm'), ('ROS_LOCALHOST_ONLY', '0'), ('QT_X11_NO_MITSHM', '1'), ('PATH', '/opt/ros/humble/bin:/usr/local/sbin:/usr/local/bin:/usr/sbin:/usr/bin:/sbin:/bin'), ('FASTRTPS_DEFAULT_PROFILES_FILE', '/workspaces/multi_amr/config/fastdds_udp.xml'), ('DISPLAY', ':0'), ('LANG', 'C.UTF-8'), ('ROS_DOMAIN_ID', '42'), ('AMENT_PREFIX_PATH', '/workspaces/multi_amr/install/multi_modal_worlds:/workspaces/multi_amr/install/multi_modal_robot_description:/workspaces/multi_amr/install/multi_amr_coordination:/opt/ros/humble'), ('PWD', '/workspaces/multi_amr/build/multi_modal_worlds'), ('LC_ALL', 'C.UTF-8'), ('PYTHONPATH', '/workspaces/multi_amr/build/multi_amr_coordination:/workspaces/multi_amr/install/multi_amr_coordination/lib/python3.10/site-packages:/opt/ros/humble/lib/python3.10/site-packages:/opt/ros/humble/local/lib/python3.10/dist-packages'), ('COLCON', '1'), ('CMAKE_PREFIX_PATH', '/workspaces/multi_amr/install/multi_modal_worlds:/workspaces/multi_amr/install/multi_modal_robot_description:/workspaces/multi_amr/install/multi_amr_coordination:/opt/ros/humble')]), 'shell': False}
[0.701978] (-) TimerEvent: {}
[0.702989] (multi_modal_robot_description) CommandEnded: {'returncode': 0}
[0.704010] (multi_modal_robot_description) JobProgress: {'identifier': 'multi_modal_robot_description', 'progress': 'install'}
[0.704328] (multi_modal_robot_description) Command: {'cmd': ['/usr/bin/cmake', '--install', '/workspaces/multi_amr/build/multi_modal_robot_description'], 'cwd': '/workspaces/multi_amr/build/multi_modal_robot_description', 'env': OrderedDict([('HOSTNAME', 'fedora'), ('SHLVL', '1'), ('LD_LIBRARY_PATH', '/usr/lib/x86_64-linux-gnu/gazebo-11/plugins:/opt/ros/humble/opt/rviz_ogre_vendor/lib:/opt/ros/humble/lib/x86_64-linux-gnu:/opt/ros/humble/lib'), ('HOME', '/root'), ('OLDPWD', '/workspaces/multi_amr'), ('ROS_PYTHON_VERSION', '3'), ('COLCON_PREFIX_PATH', '/workspaces/multi_amr/install'), ('ROS_DISTRO', 'humble'), ('_', '/usr/bin/colcon'), ('ROS_VERSION', '2'), ('TERM', 'xterm'), ('ROS_LOCALHOST_ONLY', '0'), ('QT_X11_NO_MITSHM', '1'), ('PATH', '/opt/ros/humble/bin:/usr/local/sbin:/usr/local/bin:/usr/sbin:/usr/bin:/sbin:/bin'), ('FASTRTPS_DEFAULT_PROFILES_FILE', '/workspaces/multi_amr/config/fastdds_udp.xml'), ('DISPLAY', ':0'), ('LANG', 'C.UTF-8'), ('ROS_DOMAIN_ID', '42'), ('AMENT_PREFIX_PATH', '/workspaces/multi_amr/install/multi_modal_worlds:/workspaces/multi_amr/install/multi_modal_robot_description:/workspaces/multi_amr/install/multi_amr_coordination:/opt/ros/humble'), ('PWD', '/workspaces/multi_amr/build/multi_modal_robot_description'), ('LC_ALL', 'C.UTF-8'), ('PYTHONPATH', '/workspaces/multi_amr/build/multi_amr_coordination:/workspaces/multi_amr/install/multi_amr_coordination/lib/python3.10/site-packages:/opt/ros/humble/lib/python3.10/site-packages:/opt/ros/humble/local/lib/python3.10/dist-packages'), ('COLCON', '1'), ('CMAKE_PREFIX_PATH', '/workspaces/multi_amr/install/multi_modal_worlds:/workspaces/multi_amr/install/multi_modal_robot_description:/workspaces/multi_amr/install/multi_amr_coordination:/opt/ros/humble')]), 'shell': False}
[0.724491] (multi_modal_worlds) StdoutLine: {'line': b'-- Install configuration: ""\n'}
[0.724773] (multi_modal_worlds) StdoutLine: {'line': b'-- Execute custom install script\n'}
[0.725331] (multi_modal_worlds) StdoutLine: {'line': b'-- Up-to-date symlink: /workspaces/multi_amr/install/multi_modal_worlds/share/multi_modal_worlds/launch/warehouse_world.launch.py\n'}
[0.725522] (multi_modal_worlds) StdoutLine: {'line': b'-- Up-to-date symlink: /workspaces/multi_amr/install/multi_modal_worlds/share/multi_modal_worlds/worlds/warehouse.sdf\n'}
[0.725604] (multi_modal_worlds) StdoutLine: {'line': b'-- Up-to-date symlink: /workspaces/multi_amr/install/multi_modal_worlds/share/multi_modal_worlds/worlds/warehouse_mapping.sdf\n'}
[0.725677] (multi_modal_worlds) StdoutLine: {'line': b'-- Up-to-date symlink: /workspaces/multi_amr/install/multi_modal_worlds/lib/multi_modal_worlds/warehouse_traffic_controller.py\n'}
[0.725746] (multi_modal_worlds) StdoutLine: {'line': b'-- Up-to-date symlink: /workspaces/multi_amr/install/multi_modal_worlds/share/ament_index/resource_index/package_run_dependencies/multi_modal_worlds\n'}
[0.725814] (multi_modal_worlds) StdoutLine: {'line': b'-- Up-to-date symlink: /workspaces/multi_amr/install/multi_modal_worlds/share/ament_index/resource_index/parent_prefix_path/multi_modal_worlds\n'}
[0.725884] (multi_modal_worlds) StdoutLine: {'line': b'-- Up-to-date symlink: /workspaces/multi_amr/install/multi_modal_worlds/share/multi_modal_worlds/environment/ament_prefix_path.sh\n'}
[0.725986] (multi_modal_worlds) StdoutLine: {'line': b'-- Up-to-date symlink: /workspaces/multi_amr/install/multi_modal_worlds/share/multi_modal_worlds/environment/ament_prefix_path.dsv\n'}
[0.726144] (multi_modal_worlds) StdoutLine: {'line': b'-- Up-to-date symlink: /workspaces/multi_amr/install/multi_modal_worlds/share/multi_modal_worlds/environment/path.sh\n'}
[0.726216] (multi_modal_worlds) StdoutLine: {'line': b'-- Up-to-date symlink: /workspaces/multi_amr/install/multi_modal_worlds/share/multi_modal_worlds/environment/path.dsv\n'}
[0.726283] (multi_modal_worlds) StdoutLine: {'line': b'-- Up-to-date symlink: /workspaces/multi_amr/install/multi_modal_worlds/share/multi_modal_worlds/local_setup.bash\n'}
[0.726392] (multi_modal_worlds) StdoutLine: {'line': b'-- Up-to-date symlink: /workspaces/multi_amr/install/multi_modal_worlds/share/multi_modal_worlds/local_setup.sh\n'}
[0.726472] (multi_modal_worlds) StdoutLine: {'line': b'-- Up-to-date symlink: /workspaces/multi_amr/install/multi_modal_worlds/share/multi_modal_worlds/local_setup.zsh\n'}
[0.726685] (multi_modal_worlds) StdoutLine: {'line': b'-- Up-to-date symlink: /workspaces/multi_amr/install/multi_modal_worlds/share/multi_modal_worlds/local_setup.dsv\n'}
[0.727295] (multi_modal_worlds) StdoutLine: {'line': b'-- Symlinking: /workspaces/multi_amr/install/multi_modal_worlds/share/multi_modal_worlds/package.dsv\n'}
[0.727683] (multi_modal_robot_description) StdoutLine: {'line': b'-- Install configuration: ""\n'}
[0.728101] (multi_modal_robot_description) StdoutLine: {'line': b'-- Execute custom install script\n'}
[0.728294] (multi_modal_robot_description) StdoutLine: {'line': b'-- Up-to-date symlink: /workspaces/multi_amr/install/multi_modal_robot_description/share/multi_modal_robot_description/urdf/robot_description.urdf\n'}
[0.728480] (multi_modal_robot_description) StdoutLine: {'line': b'-- Up-to-date symlink: /workspaces/multi_amr/install/multi_modal_robot_description/share/multi_modal_robot_description/urdf/safe.urdf\n'}
[0.728660] (multi_modal_robot_description) StdoutLine: {'line': b'-- Up-to-date symlink: /workspaces/multi_amr/install/multi_modal_robot_description/share/multi_modal_robot_description/meshes/base_link.STL\n'}
[0.729093] (multi_modal_robot_description) StdoutLine: {'line': b'-- Up-to-date symlink: /workspaces/multi_amr/install/multi_modal_robot_description/share/multi_modal_robot_description/meshes/camera.STL\n'}
[0.729369] (multi_modal_robot_description) StdoutLine: {'line': b'-- Up-to-date symlink: /workspaces/multi_amr/install/multi_modal_robot_description/share/multi_modal_robot_description/meshes/camera_mount.STL\n'}
[0.729514] (multi_modal_robot_description) StdoutLine: {'line': b'-- Up-to-date symlink: /workspaces/multi_amr/install/multi_modal_robot_description/share/multi_modal_robot_description/meshes/imu.STL\n'}
[0.731228] (multi_modal_robot_description) StdoutLine: {'line': b'-- Up-to-date symlink: /workspaces/multi_amr/install/multi_modal_robot_description/share/multi_modal_robot_description/meshes/laser.STL\n'}
[0.731381] (multi_modal_robot_description) StdoutLine: {'line': b'-- Up-to-date symlink: /workspaces/multi_amr/install/multi_modal_robot_description/share/multi_modal_robot_description/meshes/left_front_wheel.STL\n'}
[0.731570] (multi_modal_robot_description) StdoutLine: {'line': b'-- Up-to-date symlink: /workspaces/multi_amr/install/multi_modal_robot_description/share/multi_modal_robot_description/meshes/left_rear_wheel.STL\n'}
[0.731673] (multi_modal_robot_description) StdoutLine: {'line': b'-- Up-to-date symlink: /workspaces/multi_amr/install/multi_modal_robot_description/share/multi_modal_robot_description/meshes/right_front_wheel.STL\n'}
[0.731832] (multi_modal_robot_description) StdoutLine: {'line': b'-- Up-to-date symlink: /workspaces/multi_amr/install/multi_modal_robot_description/share/multi_modal_robot_description/meshes/right_rear_wheel.STL\n'}
[0.731945] (multi_modal_robot_description) StdoutLine: {'line': b'-- Up-to-date symlink: /workspaces/multi_amr/install/multi_modal_robot_description/share/multi_modal_robot_description/launch/gazebo.launch.py\n'}
[0.732184] (multi_modal_worlds) StdoutLine: {'line': b'-- Up-to-date symlink: /workspaces/multi_amr/install/multi_modal_worlds/share/ament_index/resource_index/packages/multi_modal_worlds\n'}
[0.732293] (multi_modal_worlds) StdoutLine: {'line': b'-- Up-to-date symlink: /workspaces/multi_amr/install/multi_modal_worlds/share/multi_modal_worlds/cmake/multi_modal_worldsConfig.cmake\n'}
[0.732973] (multi_modal_robot_description) StdoutLine: {'line': b'-- Up-to-date symlink: /workspaces/multi_amr/install/multi_modal_robot_description/share/multi_modal_robot_description/launch/robot_display.launch.py\n'}
[0.734570] (multi_modal_robot_description) StdoutLine: {'line': b'-- Up-to-date symlink: /workspaces/multi_amr/install/multi_modal_robot_description/share/multi_modal_robot_description/rviz/robot_display.rviz\n'}
[0.734724] (multi_modal_worlds) StdoutLine: {'line': b'-- Up-to-date symlink: /workspaces/multi_amr/install/multi_modal_worlds/share/multi_modal_worlds/cmake/multi_modal_worldsConfig-version.cmake\n'}
[0.734809] (multi_modal_worlds) StdoutLine: {'line': b'-- Up-to-date symlink: /workspaces/multi_amr/install/multi_modal_worlds/share/multi_modal_worlds/package.xml\n'}
[0.734881] (multi_modal_robot_description) StdoutLine: {'line': b'-- Up-to-date symlink: /workspaces/multi_amr/install/multi_modal_robot_description/share/ament_index/resource_index/package_run_dependencies/multi_modal_robot_description\n'}
[0.734952] (multi_modal_robot_description) StdoutLine: {'line': b'-- Up-to-date symlink: /workspaces/multi_amr/install/multi_modal_robot_description/share/ament_index/resource_index/parent_prefix_path/multi_modal_robot_description\n'}
[0.735020] (multi_modal_robot_description) StdoutLine: {'line': b'-- Up-to-date symlink: /workspaces/multi_amr/install/multi_modal_robot_description/share/multi_modal_robot_description/environment/ament_prefix_path.sh\n'}
[0.735097] (multi_modal_robot_description) StdoutLine: {'line': b'-- Up-to-date symlink: /workspaces/multi_amr/install/multi_modal_robot_description/share/multi_modal_robot_description/environment/ament_prefix_path.dsv\n'}
[0.735173] (multi_modal_robot_description) StdoutLine: {'line': b'-- Up-to-date symlink: /workspaces/multi_amr/install/multi_modal_robot_description/share/multi_modal_robot_description/environment/path.sh\n'}
[0.735241] (multi_modal_robot_description) StdoutLine: {'line': b'-- Up-to-date symlink: /workspaces/multi_amr/install/multi_modal_robot_description/share/multi_modal_robot_description/environment/path.dsv\n'}
[0.735307] (multi_modal_robot_description) StdoutLine: {'line': b'-- Up-to-date symlink: /workspaces/multi_amr/install/multi_modal_robot_description/share/multi_modal_robot_description/local_setup.bash\n'}
[0.735380] (multi_modal_robot_description) StdoutLine: {'line': b'-- Up-to-date symlink: /workspaces/multi_amr/install/multi_modal_robot_description/share/multi_modal_robot_description/local_setup.sh\n'}
[0.735463] (multi_modal_worlds) CommandEnded: {'returncode': 0}
[0.735870] (multi_modal_robot_description) StdoutLine: {'line': b'-- Up-to-date symlink: /workspaces/multi_amr/install/multi_modal_robot_description/share/multi_modal_robot_description/local_setup.zsh\n'}
[0.735975] (multi_modal_robot_description) StdoutLine: {'line': b'-- Up-to-date symlink: /workspaces/multi_amr/install/multi_modal_robot_description/share/multi_modal_robot_description/local_setup.dsv\n'}
[0.736049] (multi_modal_robot_description) StdoutLine: {'line': b'-- Symlinking: /workspaces/multi_amr/install/multi_modal_robot_description/share/multi_modal_robot_description/package.dsv\n'}
[0.737830] (multi_modal_robot_description) StdoutLine: {'line': b'-- Up-to-date symlink: /workspaces/multi_amr/install/multi_modal_robot_description/share/ament_index/resource_index/packages/multi_modal_robot_description\n'}
[0.738740] (multi_modal_robot_description) StdoutLine: {'line': b'-- Up-to-date symlink: /workspaces/multi_amr/install/multi_modal_robot_description/share/multi_modal_robot_description/cmake/multi_modal_robot_descriptionConfig.cmake\n'}
[0.738875] (multi_modal_robot_description) StdoutLine: {'line': b'-- Up-to-date symlink: /workspaces/multi_amr/install/multi_modal_robot_description/share/multi_modal_robot_description/cmake/multi_modal_robot_descriptionConfig-version.cmake\n'}
[0.738970] (multi_modal_robot_description) StdoutLine: {'line': b'-- Up-to-date symlink: /workspaces/multi_amr/install/multi_modal_robot_description/share/multi_modal_robot_description/package.xml\n'}
[0.761066] (multi_modal_worlds) JobEnded: {'identifier': 'multi_modal_worlds', 'rc': 0}
[0.762999] (multi_modal_robot_description) CommandEnded: {'returncode': 0}
[0.782167] (multi_modal_robot_description) JobEnded: {'identifier': 'multi_modal_robot_description', 'rc': 0}
[0.802208] (-) TimerEvent: {}
[0.904626] (-) TimerEvent: {}
[1.006872] (-) TimerEvent: {}
[1.100390] (multi_amr_coordination) Command: {'cmd': ['/usr/bin/python3', '-W', 'ignore:setup.py install is deprecated', '-W', 'ignore:easy_install command is deprecated', 'setup.py', 'develop', '--editable', '--build-directory', '/workspaces/multi_amr/build/multi_amr_coordination/build', '--no-deps', 'symlink_data'], 'cwd': '/workspaces/multi_amr/build/multi_amr_coordination', 'env': {'HOSTNAME': 'fedora', 'SHLVL': '1', 'LD_LIBRARY_PATH': '/usr/lib/x86_64-linux-gnu/gazebo-11/plugins:/opt/ros/humble/opt/rviz_ogre_vendor/lib:/opt/ros/humble/lib/x86_64-linux-gnu:/opt/ros/humble/lib', 'HOME': '/root', 'OLDPWD': '/workspaces/multi_amr', 'ROS_PYTHON_VERSION': '3', 'COLCON_PREFIX_PATH': '/workspaces/multi_amr/install', 'ROS_DISTRO': 'humble', '_': '/usr/bin/colcon', 'ROS_VERSION': '2', 'TERM': 'xterm', 'ROS_LOCALHOST_ONLY': '0', 'QT_X11_NO_MITSHM': '1', 'PATH': '/opt/ros/humble/bin:/usr/local/sbin:/usr/local/bin:/usr/sbin:/usr/bin:/sbin:/bin', 'FASTRTPS_DEFAULT_PROFILES_FILE': '/workspaces/multi_amr/config/fastdds_udp.xml', 'DISPLAY': ':0', 'LANG': 'C.UTF-8', 'ROS_DOMAIN_ID': '42', 'AMENT_PREFIX_PATH': '/workspaces/multi_amr/install/multi_modal_worlds:/workspaces/multi_amr/install/multi_modal_robot_description:/workspaces/multi_amr/install/multi_amr_coordination:/opt/ros/humble', 'PWD': '/workspaces/multi_amr/build/multi_amr_coordination', 'LC_ALL': 'C.UTF-8', 'PYTHONPATH': '/workspaces/multi_amr/build/multi_amr_coordination/prefix_override:/usr/lib/python3/dist-packages/colcon_core/task/python/colcon_distutils_commands:/workspaces/multi_amr/install/multi_amr_coordination/lib/python3.10/site-packages:/workspaces/multi_amr/build/multi_amr_coordination:/workspaces/multi_amr/install/multi_amr_coordination/lib/python3.10/site-packages:/opt/ros/humble/lib/python3.10/site-packages:/opt/ros/humble/local/lib/python3.10/dist-packages', 'COLCON': '1', 'CMAKE_PREFIX_PATH': '/workspaces/multi_amr/install/multi_modal_worlds:/workspaces/multi_amr/install/multi_modal_robot_description'}, 'shell': False}
[1.106979] (-) TimerEvent: {}
[1.207405] (-) TimerEvent: {}
[1.307749] (-) TimerEvent: {}
[1.354801] (multi_amr_coordination) StdoutLine: {'line': b'running develop\n'}
[1.407838] (-) TimerEvent: {}
[1.499354] (multi_amr_coordination) StdoutLine: {'line': b'running egg_info\n'}
[1.499580] (multi_amr_coordination) StdoutLine: {'line': b'writing multi_amr_coordination.egg-info/PKG-INFO\n'}
[1.499795] (multi_amr_coordination) StdoutLine: {'line': b'writing dependency_links to multi_amr_coordination.egg-info/dependency_links.txt\n'}
[1.500106] (multi_amr_coordination) StdoutLine: {'line': b'writing entry points to multi_amr_coordination.egg-info/entry_points.txt\n'}
[1.500311] (multi_amr_coordination) StdoutLine: {'line': b'writing requirements to multi_amr_coordination.egg-info/requires.txt\n'}
[1.500396] (multi_amr_coordination) StdoutLine: {'line': b'writing top-level names to multi_amr_coordination.egg-info/top_level.txt\n'}
[1.502269] (multi_amr_coordination) StdoutLine: {'line': b"reading manifest file 'multi_amr_coordination.egg-info/SOURCES.txt'\n"}
[1.503197] (multi_amr_coordination) StdoutLine: {'line': b"writing manifest file 'multi_amr_coordination.egg-info/SOURCES.txt'\n"}
[1.504759] (multi_amr_coordination) StdoutLine: {'line': b'running build_ext\n'}
[1.505070] (multi_amr_coordination) StdoutLine: {'line': b'Creating /workspaces/multi_amr/install/multi_amr_coordination/lib/python3.10/site-packages/multi-amr-coordination.egg-link (link to .)\n'}
[1.506018] (multi_amr_coordination) StdoutLine: {'line': b'Installing decentralized_controller script to /workspaces/multi_amr/install/multi_amr_coordination/lib/multi_amr_coordination\n'}
[1.506286] (multi_amr_coordination) StdoutLine: {'line': b'Installing peer_message_node script to /workspaces/multi_amr/install/multi_amr_coordination/lib/multi_amr_coordination\n'}
[1.506431] (multi_amr_coordination) StdoutLine: {'line': b'Installing robot_state_node script to /workspaces/multi_amr/install/multi_amr_coordination/lib/multi_amr_coordination\n'}
[1.506635] (multi_amr_coordination) StdoutLine: {'line': b'\n'}
[1.506789] (multi_amr_coordination) StdoutLine: {'line': b'Installed /workspaces/multi_amr/build/multi_amr_coordination\n'}
[1.506868] (multi_amr_coordination) StdoutLine: {'line': b'running symlink_data\n'}
[1.507921] (-) TimerEvent: {}
[1.540007] (multi_amr_coordination) CommandEnded: {'returncode': 0}
[1.549933] (multi_amr_coordination) JobEnded: {'identifier': 'multi_amr_coordination', 'rc': 0}
[1.550693] (-) EventReactorShutdown: {}
