-- Install configuration: ""
-- Execute custom install script
-- Up-to-date symlink: /workspaces/multi_amr/install/multi_modal_robot_description/share/multi_modal_robot_description/urdf/robot_description.urdf
-- Up-to-date symlink: /workspaces/multi_amr/install/multi_modal_robot_description/share/multi_modal_robot_description/urdf/safe.urdf
-- Up-to-date symlink: /workspaces/multi_amr/install/multi_modal_robot_description/share/multi_modal_robot_description/meshes/base_link.STL
-- Up-to-date symlink: /workspaces/multi_amr/install/multi_modal_robot_description/share/multi_modal_robot_description/meshes/camera.STL
-- Up-to-date symlink: /workspaces/multi_amr/install/multi_modal_robot_description/share/multi_modal_robot_description/meshes/camera_mount.STL
-- Up-to-date symlink: /workspaces/multi_amr/install/multi_modal_robot_description/share/multi_modal_robot_description/meshes/imu.STL
-- Up-to-date symlink: /workspaces/multi_amr/install/multi_modal_robot_description/share/multi_modal_robot_description/meshes/laser.STL
-- Up-to-date symlink: /workspaces/multi_amr/install/multi_modal_robot_description/share/multi_modal_robot_description/meshes/left_front_wheel.STL
-- Up-to-date symlink: /workspaces/multi_amr/install/multi_modal_robot_description/share/multi_modal_robot_description/meshes/left_rear_wheel.STL
-- Up-to-date symlink: /workspaces/multi_amr/install/multi_modal_robot_description/share/multi_modal_robot_description/meshes/right_front_wheel.STL
-- Up-to-date symlink: /workspaces/multi_amr/install/multi_modal_robot_description/share/multi_modal_robot_description/meshes/right_rear_wheel.STL
-- Up-to-date symlink: /workspaces/multi_amr/install/multi_modal_robot_description/share/multi_modal_robot_description/launch/gazebo.launch.py
-- Up-to-date symlink: /workspaces/multi_amr/install/multi_modal_robot_description/share/multi_modal_robot_description/launch/robot_display.launch.py
-- Up-to-date symlink: /workspaces/multi_amr/install/multi_modal_robot_description/share/multi_modal_robot_description/rviz/robot_display.rviz
-- Up-to-date symlink: /workspaces/multi_amr/install/multi_modal_robot_description/share/ament_index/resource_index/package_run_dependencies/multi_modal_robot_description
-- Up-to-date symlink: /workspaces/multi_amr/install/multi_modal_robot_description/share/ament_index/resource_index/parent_prefix_path/multi_modal_robot_description
-- Up-to-date symlink: /workspaces/multi_amr/install/multi_modal_robot_description/share/multi_modal_robot_description/environment/ament_prefix_path.sh
-- Up-to-date symlink: /workspaces/multi_amr/install/multi_modal_robot_description/share/multi_modal_robot_description/environment/ament_prefix_path.dsv
-- Up-to-date symlink: /workspaces/multi_amr/install/multi_modal_robot_description/share/multi_modal_robot_description/environment/path.sh
-- Up-to-date symlink: /workspaces/multi_amr/install/multi_modal_robot_description/share/multi_modal_robot_description/environment/path.dsv
-- Up-to-date symlink: /workspaces/multi_amr/install/multi_modal_robot_description/share/multi_modal_robot_description/local_setup.bash
-- Up-to-date symlink: /workspaces/multi_amr/install/multi_modal_robot_description/share/multi_modal_robot_description/local_setup.sh
-- Up-to-date symlink: /workspaces/multi_amr/install/multi_modal_robot_description/share/multi_modal_robot_description/local_setup.zsh
-- Up-to-date symlink: /workspaces/multi_amr/install/multi_modal_robot_description/share/multi_modal_robot_description/local_setup.dsv
-- Symlinking: /workspaces/multi_amr/install/multi_modal_robot_description/share/multi_modal_robot_description/package.dsv
-- Up-to-date symlink: /workspaces/multi_amr/install/multi_modal_robot_description/share/ament_index/resource_index/packages/multi_modal_robot_description
-- Up-to-date symlink: /workspaces/multi_amr/install/multi_modal_robot_description/share/multi_modal_robot_description/cmake/multi_modal_robot_descriptionConfig.cmake
-- Up-to-date symlink: /workspaces/multi_amr/install/multi_modal_robot_description/share/multi_modal_robot_description/cmake/multi_modal_robot_descriptionConfig-version.cmake
-- Up-to-date symlink: /workspaces/multi_amr/install/multi_modal_robot_description/share/multi_modal_robot_description/package.xml
